2025-03-16 18:28:08,664 - INFO - autoreload - Watching for file changes with StatReloader
2025-03-16 18:28:24,181 - INFO - basehttp - "GET / HTTP/1.1" 302 0
2025-03-16 18:28:24,235 - INFO - basehttp - "GET /activation/page/ HTTP/1.1" 200 9264
2025-03-16 18:28:25,909 - INFO - basehttp - "GET /admin/Activation/activation/2/change/ HTTP/1.1" 302 0
2025-03-16 18:28:26,038 - INFO - basehttp - "GET /admin/login/?next=/admin/Activation/activation/2/change/ HTTP/1.1" 200 4243
2025-03-16 18:28:30,072 - INFO - basehttp - "POST /admin/login/?next=/admin/Activation/activation/2/change/ HTTP/1.1" 302 0
2025-03-16 18:28:30,093 - INFO - basehttp - "GET /admin/Activation/activation/2/change/ HTTP/1.1" 302 0
2025-03-16 18:28:30,143 - INFO - basehttp - "GET /admin/ HTTP/1.1" 200 9186
2025-03-16 18:28:38,016 - INFO - basehttp - "GET /admin/Activation/activation/add/ HTTP/1.1" 200 11309
2025-03-16 18:28:38,121 - INFO - basehttp - "GET /admin/jsi18n/ HTTP/1.1" 200 3343
2025-03-16 18:28:53,499 - INFO - basehttp - "POST /admin/Activation/activation/add/ HTTP/1.1" 302 0
2025-03-16 18:28:53,604 - INFO - basehttp - "GET /admin/Activation/activation/ HTTP/1.1" 200 11676
2025-03-16 18:28:53,707 - INFO - basehttp - "GET /admin/jsi18n/ HTTP/1.1" 200 3343
2025-03-16 18:29:01,001 - INFO - basehttp - "GET /admin/Activation/activation/1/change/ HTTP/1.1" 200 11865
2025-03-16 18:29:01,089 - INFO - basehttp - "GET /admin/jsi18n/ HTTP/1.1" 200 3343
2025-03-16 18:29:15,134 - INFO - basehttp - "POST /admin/Activation/activation/1/change/ HTTP/1.1" 302 0
2025-03-16 18:29:15,186 - INFO - basehttp - "GET /admin/Activation/activation/ HTTP/1.1" 200 11678
2025-03-16 18:29:15,267 - INFO - basehttp - "GET /admin/jsi18n/ HTTP/1.1" 200 3343
2025-03-16 18:29:17,462 - INFO - basehttp - "GET /activation/page/ HTTP/1.1" 200 9264
2025-03-16 18:29:21,383 - INFO - basehttp - "POST /activation/page/ HTTP/1.1" 302 0
2025-03-16 18:29:21,407 - INFO - basehttp - "GET / HTTP/1.1" 200 12908
2025-03-16 18:29:30,290 - INFO - basehttp - "GET /Tuteur/ HTTP/1.1" 200 8189
2025-03-16 18:29:34,135 - ERROR - log - Internal Server Error: /Adherent/
Traceback (most recent call last):
  File "C:\Users\DAII IATITUDE\AppData\Local\Programs\Python\Python39\lib\site-packages\django\core\handlers\exception.py", line 55, in inner
    response = get_response(request)
  File "C:\Users\DAII IATITUDE\AppData\Local\Programs\Python\Python39\lib\site-packages\django\core\handlers\base.py", line 197, in _get_response
    response = wrapped_callback(request, *callback_args, **callback_kwargs)
  File "C:\Users\DAII IATITUDE\Desktop\Projet\AJCA_Project\Adherent\views.py", line 11, in adherent_list
    return render(request, 'Adherent/adherent_list.html', context={'adherents': adherents})
  File "C:\Users\DAII IATITUDE\AppData\Local\Programs\Python\Python39\lib\site-packages\django\shortcuts.py", line 24, in render
    content = loader.render_to_string(template_name, context, request, using=using)
  File "C:\Users\DAII IATITUDE\AppData\Local\Programs\Python\Python39\lib\site-packages\django\template\loader.py", line 61, in render_to_string
    template = get_template(template_name, using=using)
  File "C:\Users\DAII IATITUDE\AppData\Local\Programs\Python\Python39\lib\site-packages\django\template\loader.py", line 19, in get_template
    raise TemplateDoesNotExist(template_name, chain=chain)
django.template.exceptions.TemplateDoesNotExist: Adherent/adherent_list.html
2025-03-16 18:29:34,138 - ERROR - basehttp - "GET /Adherent/ HTTP/1.1" 500 81041
2025-03-16 18:30:11,820 - INFO - basehttp - "GET /Tuteur/ HTTP/1.1" 200 8190
2025-03-16 18:30:13,018 - INFO - basehttp - "GET /Tuteur/ HTTP/1.1" 200 8190
2025-03-16 18:30:14,783 - ERROR - log - Internal Server Error: /Adherent/
Traceback (most recent call last):
  File "C:\Users\DAII IATITUDE\AppData\Local\Programs\Python\Python39\lib\site-packages\django\core\handlers\exception.py", line 55, in inner
    response = get_response(request)
  File "C:\Users\DAII IATITUDE\AppData\Local\Programs\Python\Python39\lib\site-packages\django\core\handlers\base.py", line 197, in _get_response
    response = wrapped_callback(request, *callback_args, **callback_kwargs)
  File "C:\Users\DAII IATITUDE\Desktop\Projet\AJCA_Project\Adherent\views.py", line 11, in adherent_list
    return render(request, 'Adherent/adherent_list.html', context={'adherents': adherents})
  File "C:\Users\DAII IATITUDE\AppData\Local\Programs\Python\Python39\lib\site-packages\django\shortcuts.py", line 24, in render
    content = loader.render_to_string(template_name, context, request, using=using)
  File "C:\Users\DAII IATITUDE\AppData\Local\Programs\Python\Python39\lib\site-packages\django\template\loader.py", line 61, in render_to_string
    template = get_template(template_name, using=using)
  File "C:\Users\DAII IATITUDE\AppData\Local\Programs\Python\Python39\lib\site-packages\django\template\loader.py", line 19, in get_template
    raise TemplateDoesNotExist(template_name, chain=chain)
django.template.exceptions.TemplateDoesNotExist: Adherent/adherent_list.html
2025-03-16 18:30:14,786 - ERROR - basehttp - "GET /Adherent/ HTTP/1.1" 500 81041
2025-03-16 18:33:46,524 - INFO - basehttp - "GET /Adherent/ HTTP/1.1" 200 8194
2025-03-16 18:33:57,762 - ERROR - log - Internal Server Error: /Adherent/creer/
Traceback (most recent call last):
  File "C:\Users\DAII IATITUDE\AppData\Local\Programs\Python\Python39\lib\site-packages\django\core\handlers\exception.py", line 55, in inner
    response = get_response(request)
  File "C:\Users\DAII IATITUDE\AppData\Local\Programs\Python\Python39\lib\site-packages\django\core\handlers\base.py", line 197, in _get_response
    response = wrapped_callback(request, *callback_args, **callback_kwargs)
  File "C:\Users\DAII IATITUDE\Desktop\Projet\AJCA_Project\Adherent\views.py", line 23, in adherent_create
    return render(request, 'Adherent/adherent_create.html', context={'form': form, 'tuteurs': tuteurs})
  File "C:\Users\DAII IATITUDE\AppData\Local\Programs\Python\Python39\lib\site-packages\django\shortcuts.py", line 24, in render
    content = loader.render_to_string(template_name, context, request, using=using)
  File "C:\Users\DAII IATITUDE\AppData\Local\Programs\Python\Python39\lib\site-packages\django\template\loader.py", line 61, in render_to_string
    template = get_template(template_name, using=using)
  File "C:\Users\DAII IATITUDE\AppData\Local\Programs\Python\Python39\lib\site-packages\django\template\loader.py", line 19, in get_template
    raise TemplateDoesNotExist(template_name, chain=chain)
django.template.exceptions.TemplateDoesNotExist: Adherent/adherent_create.html
2025-03-16 18:33:57,764 - ERROR - basehttp - "GET /Adherent/creer/ HTTP/1.1" 500 81988
2025-03-16 18:35:25,344 - ERROR - log - Internal Server Error: /Adherent/creer/
Traceback (most recent call last):
  File "C:\Users\DAII IATITUDE\AppData\Local\Programs\Python\Python39\lib\site-packages\django\core\handlers\exception.py", line 55, in inner
    response = get_response(request)
  File "C:\Users\DAII IATITUDE\AppData\Local\Programs\Python\Python39\lib\site-packages\django\core\handlers\base.py", line 197, in _get_response
    response = wrapped_callback(request, *callback_args, **callback_kwargs)
  File "C:\Users\DAII IATITUDE\Desktop\Projet\AJCA_Project\Adherent\views.py", line 23, in adherent_create
    return render(request, 'Adherent/adherent_create.html', context={'form': form, 'tuteurs': tuteurs})
  File "C:\Users\DAII IATITUDE\AppData\Local\Programs\Python\Python39\lib\site-packages\django\shortcuts.py", line 24, in render
    content = loader.render_to_string(template_name, context, request, using=using)
  File "C:\Users\DAII IATITUDE\AppData\Local\Programs\Python\Python39\lib\site-packages\django\template\loader.py", line 61, in render_to_string
    template = get_template(template_name, using=using)
  File "C:\Users\DAII IATITUDE\AppData\Local\Programs\Python\Python39\lib\site-packages\django\template\loader.py", line 19, in get_template
    raise TemplateDoesNotExist(template_name, chain=chain)
django.template.exceptions.TemplateDoesNotExist: Adherent/adherent_create.html
2025-03-16 18:35:25,347 - ERROR - basehttp - "GET /Adherent/creer/ HTTP/1.1" 500 82125
2025-03-16 18:36:49,686 - ERROR - log - Internal Server Error: /Adherent/creer/
Traceback (most recent call last):
  File "C:\Users\DAII IATITUDE\AppData\Local\Programs\Python\Python39\lib\site-packages\django\core\handlers\exception.py", line 55, in inner
    response = get_response(request)
  File "C:\Users\DAII IATITUDE\AppData\Local\Programs\Python\Python39\lib\site-packages\django\core\handlers\base.py", line 197, in _get_response
    response = wrapped_callback(request, *callback_args, **callback_kwargs)
  File "C:\Users\DAII IATITUDE\Desktop\Projet\AJCA_Project\Adherent\views.py", line 23, in adherent_create
    return render(request, 'Adherent/adherent_create.html', context={'form': form, 'tuteurs': tuteurs})
  File "C:\Users\DAII IATITUDE\AppData\Local\Programs\Python\Python39\lib\site-packages\django\shortcuts.py", line 24, in render
    content = loader.render_to_string(template_name, context, request, using=using)
  File "C:\Users\DAII IATITUDE\AppData\Local\Programs\Python\Python39\lib\site-packages\django\template\loader.py", line 61, in render_to_string
    template = get_template(template_name, using=using)
  File "C:\Users\DAII IATITUDE\AppData\Local\Programs\Python\Python39\lib\site-packages\django\template\loader.py", line 19, in get_template
    raise TemplateDoesNotExist(template_name, chain=chain)
django.template.exceptions.TemplateDoesNotExist: Adherent/adherent_create.html
2025-03-16 18:36:49,689 - ERROR - basehttp - "GET /Adherent/creer/ HTTP/1.1" 500 82125
2025-03-16 18:36:50,879 - ERROR - log - Internal Server Error: /Adherent/creer/
Traceback (most recent call last):
  File "C:\Users\DAII IATITUDE\AppData\Local\Programs\Python\Python39\lib\site-packages\django\core\handlers\exception.py", line 55, in inner
    response = get_response(request)
  File "C:\Users\DAII IATITUDE\AppData\Local\Programs\Python\Python39\lib\site-packages\django\core\handlers\base.py", line 197, in _get_response
    response = wrapped_callback(request, *callback_args, **callback_kwargs)
  File "C:\Users\DAII IATITUDE\Desktop\Projet\AJCA_Project\Adherent\views.py", line 23, in adherent_create
    return render(request, 'Adherent/adherent_create.html', context={'form': form, 'tuteurs': tuteurs})
  File "C:\Users\DAII IATITUDE\AppData\Local\Programs\Python\Python39\lib\site-packages\django\shortcuts.py", line 24, in render
    content = loader.render_to_string(template_name, context, request, using=using)
  File "C:\Users\DAII IATITUDE\AppData\Local\Programs\Python\Python39\lib\site-packages\django\template\loader.py", line 61, in render_to_string
    template = get_template(template_name, using=using)
  File "C:\Users\DAII IATITUDE\AppData\Local\Programs\Python\Python39\lib\site-packages\django\template\loader.py", line 19, in get_template
    raise TemplateDoesNotExist(template_name, chain=chain)
django.template.exceptions.TemplateDoesNotExist: Adherent/adherent_create.html
2025-03-16 18:36:50,881 - ERROR - basehttp - "GET /Adherent/creer/ HTTP/1.1" 500 82125
2025-03-16 18:38:08,372 - ERROR - log - Internal Server Error: /Adherent/creer/
Traceback (most recent call last):
  File "C:\Users\DAII IATITUDE\AppData\Local\Programs\Python\Python39\lib\site-packages\django\core\handlers\exception.py", line 55, in inner
    response = get_response(request)
  File "C:\Users\DAII IATITUDE\AppData\Local\Programs\Python\Python39\lib\site-packages\django\core\handlers\base.py", line 197, in _get_response
    response = wrapped_callback(request, *callback_args, **callback_kwargs)
  File "C:\Users\DAII IATITUDE\Desktop\Projet\AJCA_Project\Adherent\views.py", line 23, in adherent_create
    return render(request, 'Adherent/adherent_create.html', context={'form': form, 'tuteurs': tuteurs})
  File "C:\Users\DAII IATITUDE\AppData\Local\Programs\Python\Python39\lib\site-packages\django\shortcuts.py", line 24, in render
    content = loader.render_to_string(template_name, context, request, using=using)
  File "C:\Users\DAII IATITUDE\AppData\Local\Programs\Python\Python39\lib\site-packages\django\template\loader.py", line 62, in render_to_string
    return template.render(context, request)
  File "C:\Users\DAII IATITUDE\AppData\Local\Programs\Python\Python39\lib\site-packages\django\template\backends\django.py", line 61, in render
    return self.template.render(context)
  File "C:\Users\DAII IATITUDE\AppData\Local\Programs\Python\Python39\lib\site-packages\django\template\base.py", line 175, in render
    return self._render(context)
  File "C:\Users\DAII IATITUDE\AppData\Local\Programs\Python\Python39\lib\site-packages\django\template\base.py", line 167, in _render
    return self.nodelist.render(context)
  File "C:\Users\DAII IATITUDE\AppData\Local\Programs\Python\Python39\lib\site-packages\django\template\base.py", line 1005, in render
    return SafeString("".join([node.render_annotated(context) for node in self]))
  File "C:\Users\DAII IATITUDE\AppData\Local\Programs\Python\Python39\lib\site-packages\django\template\base.py", line 1005, in <listcomp>
    return SafeString("".join([node.render_annotated(context) for node in self]))
  File "C:\Users\DAII IATITUDE\AppData\Local\Programs\Python\Python39\lib\site-packages\django\template\base.py", line 966, in render_annotated
    return self.render(context)
  File "C:\Users\DAII IATITUDE\AppData\Local\Programs\Python\Python39\lib\site-packages\django\template\loader_tags.py", line 157, in render
    return compiled_parent._render(context)
  File "C:\Users\DAII IATITUDE\AppData\Local\Programs\Python\Python39\lib\site-packages\django\template\base.py", line 167, in _render
    return self.nodelist.render(context)
  File "C:\Users\DAII IATITUDE\AppData\Local\Programs\Python\Python39\lib\site-packages\django\template\base.py", line 1005, in render
    return SafeString("".join([node.render_annotated(context) for node in self]))
  File "C:\Users\DAII IATITUDE\AppData\Local\Programs\Python\Python39\lib\site-packages\django\template\base.py", line 1005, in <listcomp>
    return SafeString("".join([node.render_annotated(context) for node in self]))
  File "C:\Users\DAII IATITUDE\AppData\Local\Programs\Python\Python39\lib\site-packages\django\template\base.py", line 966, in render_annotated
    return self.render(context)
  File "C:\Users\DAII IATITUDE\AppData\Local\Programs\Python\Python39\lib\site-packages\django\template\loader_tags.py", line 63, in render
    result = block.nodelist.render(context)
  File "C:\Users\DAII IATITUDE\AppData\Local\Programs\Python\Python39\lib\site-packages\django\template\base.py", line 1005, in render
    return SafeString("".join([node.render_annotated(context) for node in self]))
  File "C:\Users\DAII IATITUDE\AppData\Local\Programs\Python\Python39\lib\site-packages\django\template\base.py", line 1005, in <listcomp>
    return SafeString("".join([node.render_annotated(context) for node in self]))
  File "C:\Users\DAII IATITUDE\AppData\Local\Programs\Python\Python39\lib\site-packages\django\template\base.py", line 966, in render_annotated
    return self.render(context)
  File "C:\Users\DAII IATITUDE\AppData\Local\Programs\Python\Python39\lib\site-packages\django\template\defaulttags.py", line 471, in render
    url = reverse(view_name, args=args, kwargs=kwargs, current_app=current_app)
  File "C:\Users\DAII IATITUDE\AppData\Local\Programs\Python\Python39\lib\site-packages\django\urls\base.py", line 88, in reverse
    return resolver._reverse_with_prefix(view, prefix, *args, **kwargs)
  File "C:\Users\DAII IATITUDE\AppData\Local\Programs\Python\Python39\lib\site-packages\django\urls\resolvers.py", line 828, in _reverse_with_prefix
    raise NoReverseMatch(msg)
django.urls.exceptions.NoReverseMatch: Reverse for 'adherent' not found. 'adherent' is not a valid view function or pattern name.
2025-03-16 18:38:08,382 - ERROR - basehttp - "GET /Adherent/creer/ HTTP/1.1" 500 164020
2025-03-16 18:38:13,510 - ERROR - log - Internal Server Error: /Adherent/creer/
Traceback (most recent call last):
  File "C:\Users\DAII IATITUDE\AppData\Local\Programs\Python\Python39\lib\site-packages\django\core\handlers\exception.py", line 55, in inner
    response = get_response(request)
  File "C:\Users\DAII IATITUDE\AppData\Local\Programs\Python\Python39\lib\site-packages\django\core\handlers\base.py", line 197, in _get_response
    response = wrapped_callback(request, *callback_args, **callback_kwargs)
  File "C:\Users\DAII IATITUDE\Desktop\Projet\AJCA_Project\Adherent\views.py", line 23, in adherent_create
    return render(request, 'Adherent/adherent_create.html', context={'form': form, 'tuteurs': tuteurs})
  File "C:\Users\DAII IATITUDE\AppData\Local\Programs\Python\Python39\lib\site-packages\django\shortcuts.py", line 24, in render
    content = loader.render_to_string(template_name, context, request, using=using)
  File "C:\Users\DAII IATITUDE\AppData\Local\Programs\Python\Python39\lib\site-packages\django\template\loader.py", line 62, in render_to_string
    return template.render(context, request)
  File "C:\Users\DAII IATITUDE\AppData\Local\Programs\Python\Python39\lib\site-packages\django\template\backends\django.py", line 61, in render
    return self.template.render(context)
  File "C:\Users\DAII IATITUDE\AppData\Local\Programs\Python\Python39\lib\site-packages\django\template\base.py", line 175, in render
    return self._render(context)
  File "C:\Users\DAII IATITUDE\AppData\Local\Programs\Python\Python39\lib\site-packages\django\template\base.py", line 167, in _render
    return self.nodelist.render(context)
  File "C:\Users\DAII IATITUDE\AppData\Local\Programs\Python\Python39\lib\site-packages\django\template\base.py", line 1005, in render
    return SafeString("".join([node.render_annotated(context) for node in self]))
  File "C:\Users\DAII IATITUDE\AppData\Local\Programs\Python\Python39\lib\site-packages\django\template\base.py", line 1005, in <listcomp>
    return SafeString("".join([node.render_annotated(context) for node in self]))
  File "C:\Users\DAII IATITUDE\AppData\Local\Programs\Python\Python39\lib\site-packages\django\template\base.py", line 966, in render_annotated
    return self.render(context)
  File "C:\Users\DAII IATITUDE\AppData\Local\Programs\Python\Python39\lib\site-packages\django\template\loader_tags.py", line 157, in render
    return compiled_parent._render(context)
  File "C:\Users\DAII IATITUDE\AppData\Local\Programs\Python\Python39\lib\site-packages\django\template\base.py", line 167, in _render
    return self.nodelist.render(context)
  File "C:\Users\DAII IATITUDE\AppData\Local\Programs\Python\Python39\lib\site-packages\django\template\base.py", line 1005, in render
    return SafeString("".join([node.render_annotated(context) for node in self]))
  File "C:\Users\DAII IATITUDE\AppData\Local\Programs\Python\Python39\lib\site-packages\django\template\base.py", line 1005, in <listcomp>
    return SafeString("".join([node.render_annotated(context) for node in self]))
  File "C:\Users\DAII IATITUDE\AppData\Local\Programs\Python\Python39\lib\site-packages\django\template\base.py", line 966, in render_annotated
    return self.render(context)
  File "C:\Users\DAII IATITUDE\AppData\Local\Programs\Python\Python39\lib\site-packages\django\template\loader_tags.py", line 63, in render
    result = block.nodelist.render(context)
  File "C:\Users\DAII IATITUDE\AppData\Local\Programs\Python\Python39\lib\site-packages\django\template\base.py", line 1005, in render
    return SafeString("".join([node.render_annotated(context) for node in self]))
  File "C:\Users\DAII IATITUDE\AppData\Local\Programs\Python\Python39\lib\site-packages\django\template\base.py", line 1005, in <listcomp>
    return SafeString("".join([node.render_annotated(context) for node in self]))
  File "C:\Users\DAII IATITUDE\AppData\Local\Programs\Python\Python39\lib\site-packages\django\template\base.py", line 966, in render_annotated
    return self.render(context)
  File "C:\Users\DAII IATITUDE\AppData\Local\Programs\Python\Python39\lib\site-packages\django\template\defaulttags.py", line 471, in render
    url = reverse(view_name, args=args, kwargs=kwargs, current_app=current_app)
  File "C:\Users\DAII IATITUDE\AppData\Local\Programs\Python\Python39\lib\site-packages\django\urls\base.py", line 88, in reverse
    return resolver._reverse_with_prefix(view, prefix, *args, **kwargs)
  File "C:\Users\DAII IATITUDE\AppData\Local\Programs\Python\Python39\lib\site-packages\django\urls\resolvers.py", line 828, in _reverse_with_prefix
    raise NoReverseMatch(msg)
django.urls.exceptions.NoReverseMatch: Reverse for 'adherent' not found. 'adherent' is not a valid view function or pattern name.
2025-03-16 18:38:13,517 - ERROR - basehttp - "GET /Adherent/creer/ HTTP/1.1" 500 164020
2025-03-16 18:39:45,808 - INFO - autoreload - C:\Users\DAII IATITUDE\Desktop\Projet\AJCA_Project\Adherent\views.py changed, reloading.
2025-03-16 18:39:48,648 - INFO - autoreload - Watching for file changes with StatReloader
2025-03-16 18:39:59,662 - ERROR - log - Internal Server Error: /Adherent/creer/
Traceback (most recent call last):
  File "C:\Users\DAII IATITUDE\AppData\Local\Programs\Python\Python39\lib\site-packages\django\core\handlers\exception.py", line 55, in inner
    response = get_response(request)
  File "C:\Users\DAII IATITUDE\AppData\Local\Programs\Python\Python39\lib\site-packages\django\core\handlers\base.py", line 197, in _get_response
    response = wrapped_callback(request, *callback_args, **callback_kwargs)
  File "C:\Users\DAII IATITUDE\Desktop\Projet\AJCA_Project\Adherent\views.py", line 22, in adherent_create
    return render(request, 'Adherent/adherent_create.html', context={'form': form})
  File "C:\Users\DAII IATITUDE\AppData\Local\Programs\Python\Python39\lib\site-packages\django\shortcuts.py", line 24, in render
    content = loader.render_to_string(template_name, context, request, using=using)
  File "C:\Users\DAII IATITUDE\AppData\Local\Programs\Python\Python39\lib\site-packages\django\template\loader.py", line 62, in render_to_string
    return template.render(context, request)
  File "C:\Users\DAII IATITUDE\AppData\Local\Programs\Python\Python39\lib\site-packages\django\template\backends\django.py", line 61, in render
    return self.template.render(context)
  File "C:\Users\DAII IATITUDE\AppData\Local\Programs\Python\Python39\lib\site-packages\django\template\base.py", line 175, in render
    return self._render(context)
  File "C:\Users\DAII IATITUDE\AppData\Local\Programs\Python\Python39\lib\site-packages\django\template\base.py", line 167, in _render
    return self.nodelist.render(context)
  File "C:\Users\DAII IATITUDE\AppData\Local\Programs\Python\Python39\lib\site-packages\django\template\base.py", line 1005, in render
    return SafeString("".join([node.render_annotated(context) for node in self]))
  File "C:\Users\DAII IATITUDE\AppData\Local\Programs\Python\Python39\lib\site-packages\django\template\base.py", line 1005, in <listcomp>
    return SafeString("".join([node.render_annotated(context) for node in self]))
  File "C:\Users\DAII IATITUDE\AppData\Local\Programs\Python\Python39\lib\site-packages\django\template\base.py", line 966, in render_annotated
    return self.render(context)
  File "C:\Users\DAII IATITUDE\AppData\Local\Programs\Python\Python39\lib\site-packages\django\template\loader_tags.py", line 157, in render
    return compiled_parent._render(context)
  File "C:\Users\DAII IATITUDE\AppData\Local\Programs\Python\Python39\lib\site-packages\django\template\base.py", line 167, in _render
    return self.nodelist.render(context)
  File "C:\Users\DAII IATITUDE\AppData\Local\Programs\Python\Python39\lib\site-packages\django\template\base.py", line 1005, in render
    return SafeString("".join([node.render_annotated(context) for node in self]))
  File "C:\Users\DAII IATITUDE\AppData\Local\Programs\Python\Python39\lib\site-packages\django\template\base.py", line 1005, in <listcomp>
    return SafeString("".join([node.render_annotated(context) for node in self]))
  File "C:\Users\DAII IATITUDE\AppData\Local\Programs\Python\Python39\lib\site-packages\django\template\base.py", line 966, in render_annotated
    return self.render(context)
  File "C:\Users\DAII IATITUDE\AppData\Local\Programs\Python\Python39\lib\site-packages\django\template\loader_tags.py", line 63, in render
    result = block.nodelist.render(context)
  File "C:\Users\DAII IATITUDE\AppData\Local\Programs\Python\Python39\lib\site-packages\django\template\base.py", line 1005, in render
    return SafeString("".join([node.render_annotated(context) for node in self]))
  File "C:\Users\DAII IATITUDE\AppData\Local\Programs\Python\Python39\lib\site-packages\django\template\base.py", line 1005, in <listcomp>
    return SafeString("".join([node.render_annotated(context) for node in self]))
  File "C:\Users\DAII IATITUDE\AppData\Local\Programs\Python\Python39\lib\site-packages\django\template\base.py", line 966, in render_annotated
    return self.render(context)
  File "C:\Users\DAII IATITUDE\AppData\Local\Programs\Python\Python39\lib\site-packages\django\template\defaulttags.py", line 471, in render
    url = reverse(view_name, args=args, kwargs=kwargs, current_app=current_app)
  File "C:\Users\DAII IATITUDE\AppData\Local\Programs\Python\Python39\lib\site-packages\django\urls\base.py", line 88, in reverse
    return resolver._reverse_with_prefix(view, prefix, *args, **kwargs)
  File "C:\Users\DAII IATITUDE\AppData\Local\Programs\Python\Python39\lib\site-packages\django\urls\resolvers.py", line 828, in _reverse_with_prefix
    raise NoReverseMatch(msg)
django.urls.exceptions.NoReverseMatch: Reverse for 'adherent' not found. 'adherent' is not a valid view function or pattern name.
2025-03-16 18:39:59,669 - ERROR - basehttp - "GET /Adherent/creer/ HTTP/1.1" 500 163028
2025-03-16 18:40:27,278 - ERROR - log - Internal Server Error: /Adherent/creer/
Traceback (most recent call last):
  File "C:\Users\DAII IATITUDE\AppData\Local\Programs\Python\Python39\lib\site-packages\django\core\handlers\exception.py", line 55, in inner
    response = get_response(request)
  File "C:\Users\DAII IATITUDE\AppData\Local\Programs\Python\Python39\lib\site-packages\django\core\handlers\base.py", line 197, in _get_response
    response = wrapped_callback(request, *callback_args, **callback_kwargs)
  File "C:\Users\DAII IATITUDE\Desktop\Projet\AJCA_Project\Adherent\views.py", line 22, in adherent_create
    return render(request, 'Adherent/adherent_create.html', context={'form': form})
  File "C:\Users\DAII IATITUDE\AppData\Local\Programs\Python\Python39\lib\site-packages\django\shortcuts.py", line 24, in render
    content = loader.render_to_string(template_name, context, request, using=using)
  File "C:\Users\DAII IATITUDE\AppData\Local\Programs\Python\Python39\lib\site-packages\django\template\loader.py", line 62, in render_to_string
    return template.render(context, request)
  File "C:\Users\DAII IATITUDE\AppData\Local\Programs\Python\Python39\lib\site-packages\django\template\backends\django.py", line 61, in render
    return self.template.render(context)
  File "C:\Users\DAII IATITUDE\AppData\Local\Programs\Python\Python39\lib\site-packages\django\template\base.py", line 175, in render
    return self._render(context)
  File "C:\Users\DAII IATITUDE\AppData\Local\Programs\Python\Python39\lib\site-packages\django\template\base.py", line 167, in _render
    return self.nodelist.render(context)
  File "C:\Users\DAII IATITUDE\AppData\Local\Programs\Python\Python39\lib\site-packages\django\template\base.py", line 1005, in render
    return SafeString("".join([node.render_annotated(context) for node in self]))
  File "C:\Users\DAII IATITUDE\AppData\Local\Programs\Python\Python39\lib\site-packages\django\template\base.py", line 1005, in <listcomp>
    return SafeString("".join([node.render_annotated(context) for node in self]))
  File "C:\Users\DAII IATITUDE\AppData\Local\Programs\Python\Python39\lib\site-packages\django\template\base.py", line 966, in render_annotated
    return self.render(context)
  File "C:\Users\DAII IATITUDE\AppData\Local\Programs\Python\Python39\lib\site-packages\django\template\loader_tags.py", line 157, in render
    return compiled_parent._render(context)
  File "C:\Users\DAII IATITUDE\AppData\Local\Programs\Python\Python39\lib\site-packages\django\template\base.py", line 167, in _render
    return self.nodelist.render(context)
  File "C:\Users\DAII IATITUDE\AppData\Local\Programs\Python\Python39\lib\site-packages\django\template\base.py", line 1005, in render
    return SafeString("".join([node.render_annotated(context) for node in self]))
  File "C:\Users\DAII IATITUDE\AppData\Local\Programs\Python\Python39\lib\site-packages\django\template\base.py", line 1005, in <listcomp>
    return SafeString("".join([node.render_annotated(context) for node in self]))
  File "C:\Users\DAII IATITUDE\AppData\Local\Programs\Python\Python39\lib\site-packages\django\template\base.py", line 966, in render_annotated
    return self.render(context)
  File "C:\Users\DAII IATITUDE\AppData\Local\Programs\Python\Python39\lib\site-packages\django\template\loader_tags.py", line 63, in render
    result = block.nodelist.render(context)
  File "C:\Users\DAII IATITUDE\AppData\Local\Programs\Python\Python39\lib\site-packages\django\template\base.py", line 1005, in render
    return SafeString("".join([node.render_annotated(context) for node in self]))
  File "C:\Users\DAII IATITUDE\AppData\Local\Programs\Python\Python39\lib\site-packages\django\template\base.py", line 1005, in <listcomp>
    return SafeString("".join([node.render_annotated(context) for node in self]))
  File "C:\Users\DAII IATITUDE\AppData\Local\Programs\Python\Python39\lib\site-packages\django\template\base.py", line 966, in render_annotated
    return self.render(context)
  File "C:\Users\DAII IATITUDE\AppData\Local\Programs\Python\Python39\lib\site-packages\django\template\defaulttags.py", line 471, in render
    url = reverse(view_name, args=args, kwargs=kwargs, current_app=current_app)
  File "C:\Users\DAII IATITUDE\AppData\Local\Programs\Python\Python39\lib\site-packages\django\urls\base.py", line 88, in reverse
    return resolver._reverse_with_prefix(view, prefix, *args, **kwargs)
  File "C:\Users\DAII IATITUDE\AppData\Local\Programs\Python\Python39\lib\site-packages\django\urls\resolvers.py", line 828, in _reverse_with_prefix
    raise NoReverseMatch(msg)
django.urls.exceptions.NoReverseMatch: Reverse for 'adherent' not found. 'adherent' is not a valid view function or pattern name.
2025-03-16 18:40:27,282 - ERROR - basehttp - "GET /Adherent/creer/ HTTP/1.1" 500 163028
2025-03-16 18:43:32,756 - INFO - basehttp - "GET /Adherent/creer/ HTTP/1.1" 200 12134
2025-03-16 18:43:51,593 - INFO - basehttp - "GET /Adherent/ HTTP/1.1" 200 8194
2025-03-16 18:43:52,762 - INFO - basehttp - "GET /Adherent/creer/ HTTP/1.1" 200 12134
2025-03-16 18:45:28,168 - INFO - basehttp - "GET /admin/Activation/activation/ HTTP/1.1" 200 11380
2025-03-16 18:50:29,292 - INFO - basehttp - "GET /Adherent/creer/ HTTP/1.1" 200 12880
2025-03-16 18:51:09,051 - INFO - basehttp - "GET /Adherent/creer/ HTTP/1.1" 200 12847
2025-03-16 18:52:39,197 - INFO - basehttp - "GET /Adherent/creer/ HTTP/1.1" 200 12836
2025-03-16 18:53:07,267 - INFO - basehttp - "GET /Adherent/creer/ HTTP/1.1" 200 12852
2025-03-16 18:53:45,179 - INFO - basehttp - "GET /Adherent/creer/ HTTP/1.1" 200 12848
2025-03-16 18:54:44,083 - INFO - basehttp - "POST /Adherent/creer/ HTTP/1.1" 302 0
2025-03-16 18:54:44,145 - INFO - basehttp - "GET /Adherent/ HTTP/1.1" 200 9002
2025-03-16 18:54:48,143 - ERROR - log - Internal Server Error: /Adherent/1/
Traceback (most recent call last):
  File "C:\Users\DAII IATITUDE\AppData\Local\Programs\Python\Python39\lib\site-packages\django\core\handlers\exception.py", line 55, in inner
    response = get_response(request)
  File "C:\Users\DAII IATITUDE\AppData\Local\Programs\Python\Python39\lib\site-packages\django\core\handlers\base.py", line 197, in _get_response
    response = wrapped_callback(request, *callback_args, **callback_kwargs)
  File "C:\Users\DAII IATITUDE\Desktop\Projet\AJCA_Project\Adherent\views.py", line 26, in adherent_detail
    return render(request, 'Adherent/adherent_detail.html', {'adherent': adherent})
  File "C:\Users\DAII IATITUDE\AppData\Local\Programs\Python\Python39\lib\site-packages\django\shortcuts.py", line 24, in render
    content = loader.render_to_string(template_name, context, request, using=using)
  File "C:\Users\DAII IATITUDE\AppData\Local\Programs\Python\Python39\lib\site-packages\django\template\loader.py", line 61, in render_to_string
    template = get_template(template_name, using=using)
  File "C:\Users\DAII IATITUDE\AppData\Local\Programs\Python\Python39\lib\site-packages\django\template\loader.py", line 19, in get_template
    raise TemplateDoesNotExist(template_name, chain=chain)
django.template.exceptions.TemplateDoesNotExist: Adherent/adherent_detail.html
2025-03-16 18:54:48,150 - ERROR - basehttp - "GET /Adherent/1/ HTTP/1.1" 500 81420
2025-03-16 18:55:14,747 - ERROR - log - Internal Server Error: /Adherent/1/modifier/
Traceback (most recent call last):
  File "C:\Users\DAII IATITUDE\AppData\Local\Programs\Python\Python39\lib\site-packages\django\core\handlers\exception.py", line 55, in inner
    response = get_response(request)
  File "C:\Users\DAII IATITUDE\AppData\Local\Programs\Python\Python39\lib\site-packages\django\core\handlers\base.py", line 197, in _get_response
    response = wrapped_callback(request, *callback_args, **callback_kwargs)
  File "C:\Users\DAII IATITUDE\Desktop\Projet\AJCA_Project\Adherent\views.py", line 38, in modifier_adherent
    return render(request, 'Adherent/modifier_adherent.html', {'form': form, 'adherent': adherent, 'tuteurs': tuteurs})
  File "C:\Users\DAII IATITUDE\AppData\Local\Programs\Python\Python39\lib\site-packages\django\shortcuts.py", line 24, in render
    content = loader.render_to_string(template_name, context, request, using=using)
  File "C:\Users\DAII IATITUDE\AppData\Local\Programs\Python\Python39\lib\site-packages\django\template\loader.py", line 61, in render_to_string
    template = get_template(template_name, using=using)
  File "C:\Users\DAII IATITUDE\AppData\Local\Programs\Python\Python39\lib\site-packages\django\template\loader.py", line 19, in get_template
    raise TemplateDoesNotExist(template_name, chain=chain)
django.template.exceptions.TemplateDoesNotExist: Adherent/modifier_adherent.html
2025-03-16 18:55:14,752 - ERROR - basehttp - "GET /Adherent/1/modifier/ HTTP/1.1" 500 82566
2025-03-16 18:55:50,337 - ERROR - log - Internal Server Error: /Adherent/1/modifier/
Traceback (most recent call last):
  File "C:\Users\DAII IATITUDE\AppData\Local\Programs\Python\Python39\lib\site-packages\django\core\handlers\exception.py", line 55, in inner
    response = get_response(request)
  File "C:\Users\DAII IATITUDE\AppData\Local\Programs\Python\Python39\lib\site-packages\django\core\handlers\base.py", line 197, in _get_response
    response = wrapped_callback(request, *callback_args, **callback_kwargs)
  File "C:\Users\DAII IATITUDE\Desktop\Projet\AJCA_Project\Adherent\views.py", line 38, in modifier_adherent
    return render(request, 'Adherent/modifier_adherent.html', {'form': form, 'adherent': adherent, 'tuteurs': tuteurs})
  File "C:\Users\DAII IATITUDE\AppData\Local\Programs\Python\Python39\lib\site-packages\django\shortcuts.py", line 24, in render
    content = loader.render_to_string(template_name, context, request, using=using)
  File "C:\Users\DAII IATITUDE\AppData\Local\Programs\Python\Python39\lib\site-packages\django\template\loader.py", line 61, in render_to_string
    template = get_template(template_name, using=using)
  File "C:\Users\DAII IATITUDE\AppData\Local\Programs\Python\Python39\lib\site-packages\django\template\loader.py", line 19, in get_template
    raise TemplateDoesNotExist(template_name, chain=chain)
django.template.exceptions.TemplateDoesNotExist: Adherent/modifier_adherent.html
2025-03-16 18:55:50,339 - ERROR - basehttp - "GET /Adherent/1/modifier/ HTTP/1.1" 500 82703
2025-03-16 18:56:50,478 - INFO - basehttp - "GET /Adherent/1/modifier/ HTTP/1.1" 200 11807
2025-03-16 19:00:04,634 - INFO - basehttp - "GET /Adherent/1/modifier/ HTTP/1.1" 200 13481
2025-03-16 19:05:29,195 - INFO - basehttp - "GET /Adherent/1/modifier/ HTTP/1.1" 200 12476
2025-03-16 19:06:06,387 - INFO - basehttp - "GET /Adherent/1/modifier/ HTTP/1.1" 200 12476
2025-03-16 19:06:07,733 - INFO - basehttp - "GET /Adherent/1/modifier/ HTTP/1.1" 200 12476
2025-03-16 19:06:44,849 - INFO - basehttp - "GET /Adherent/1/modifier/ HTTP/1.1" 200 12476
2025-03-16 19:06:48,402 - INFO - basehttp - "GET /Adherent/ HTTP/1.1" 200 9002
2025-03-16 19:07:01,318 - INFO - basehttp - "GET /Adherent/1/modifier/ HTTP/1.1" 200 12476
2025-03-16 19:10:09,355 - INFO - basehttp - "GET /Adherent/1/modifier/ HTTP/1.1" 200 12476
2025-03-16 19:10:11,626 - INFO - basehttp - "GET /Adherent/ HTTP/1.1" 200 9002
2025-03-16 19:10:16,080 - INFO - basehttp - "GET /Adherent/creer/ HTTP/1.1" 200 12878
2025-03-16 19:10:29,670 - INFO - basehttp - "GET /Adherent/ HTTP/1.1" 200 9002
2025-03-16 19:10:31,179 - INFO - basehttp - "GET /Adherent/creer/ HTTP/1.1" 200 12878
2025-03-16 19:11:16,740 - ERROR - log - Internal Server Error: /Adherent/creer/
Traceback (most recent call last):
  File "C:\Users\DAII IATITUDE\AppData\Local\Programs\Python\Python39\lib\site-packages\django\db\backends\utils.py", line 89, in _execute
    return self.cursor.execute(sql, params)
  File "C:\Users\DAII IATITUDE\AppData\Local\Programs\Python\Python39\lib\site-packages\django\db\backends\sqlite3\base.py", line 328, in execute
    return super().execute(query, params)
sqlite3.IntegrityError: UNIQUE constraint failed: user_user.username

The above exception was the direct cause of the following exception:

Traceback (most recent call last):
  File "C:\Users\DAII IATITUDE\AppData\Local\Programs\Python\Python39\lib\site-packages\django\core\handlers\exception.py", line 55, in inner
    response = get_response(request)
  File "C:\Users\DAII IATITUDE\AppData\Local\Programs\Python\Python39\lib\site-packages\django\core\handlers\base.py", line 197, in _get_response
    response = wrapped_callback(request, *callback_args, **callback_kwargs)
  File "C:\Users\DAII IATITUDE\Desktop\Projet\AJCA_Project\Adherent\views.py", line 18, in adherent_create
    form.save()
  File "C:\Users\DAII IATITUDE\AppData\Local\Programs\Python\Python39\lib\site-packages\django\forms\models.py", line 542, in save
    self.instance.save()
  File "C:\Users\DAII IATITUDE\AppData\Local\Programs\Python\Python39\lib\site-packages\django\contrib\auth\base_user.py", line 76, in save
    super().save(*args, **kwargs)
  File "C:\Users\DAII IATITUDE\AppData\Local\Programs\Python\Python39\lib\site-packages\django\db\models\base.py", line 814, in save
    self.save_base(
  File "C:\Users\DAII IATITUDE\AppData\Local\Programs\Python\Python39\lib\site-packages\django\db\models\base.py", line 876, in save_base
    parent_inserted = self._save_parents(cls, using, update_fields)
  File "C:\Users\DAII IATITUDE\AppData\Local\Programs\Python\Python39\lib\site-packages\django\db\models\base.py", line 918, in _save_parents
    updated = self._save_table(
  File "C:\Users\DAII IATITUDE\AppData\Local\Programs\Python\Python39\lib\site-packages\django\db\models\base.py", line 1020, in _save_table
    results = self._do_insert(
  File "C:\Users\DAII IATITUDE\AppData\Local\Programs\Python\Python39\lib\site-packages\django\db\models\base.py", line 1061, in _do_insert
    return manager._insert(
  File "C:\Users\DAII IATITUDE\AppData\Local\Programs\Python\Python39\lib\site-packages\django\db\models\manager.py", line 87, in manager_method
    return getattr(self.get_queryset(), name)(*args, **kwargs)
  File "C:\Users\DAII IATITUDE\AppData\Local\Programs\Python\Python39\lib\site-packages\django\db\models\query.py", line 1805, in _insert
    return query.get_compiler(using=using).execute_sql(returning_fields)
  File "C:\Users\DAII IATITUDE\AppData\Local\Programs\Python\Python39\lib\site-packages\django\db\models\sql\compiler.py", line 1822, in execute_sql
    cursor.execute(sql, params)
  File "C:\Users\DAII IATITUDE\AppData\Local\Programs\Python\Python39\lib\site-packages\django\db\backends\utils.py", line 102, in execute
    return super().execute(sql, params)
  File "C:\Users\DAII IATITUDE\AppData\Local\Programs\Python\Python39\lib\site-packages\django\db\backends\utils.py", line 67, in execute
    return self._execute_with_wrappers(
  File "C:\Users\DAII IATITUDE\AppData\Local\Programs\Python\Python39\lib\site-packages\django\db\backends\utils.py", line 80, in _execute_with_wrappers
    return executor(sql, params, many, context)
  File "C:\Users\DAII IATITUDE\AppData\Local\Programs\Python\Python39\lib\site-packages\django\db\backends\utils.py", line 89, in _execute
    return self.cursor.execute(sql, params)
  File "C:\Users\DAII IATITUDE\AppData\Local\Programs\Python\Python39\lib\site-packages\django\db\utils.py", line 91, in __exit__
    raise dj_exc_value.with_traceback(traceback) from exc_value
  File "C:\Users\DAII IATITUDE\AppData\Local\Programs\Python\Python39\lib\site-packages\django\db\backends\utils.py", line 89, in _execute
    return self.cursor.execute(sql, params)
  File "C:\Users\DAII IATITUDE\AppData\Local\Programs\Python\Python39\lib\site-packages\django\db\backends\sqlite3\base.py", line 328, in execute
    return super().execute(query, params)
django.db.utils.IntegrityError: UNIQUE constraint failed: user_user.username
2025-03-16 19:11:16,759 - ERROR - basehttp - "POST /Adherent/creer/ HTTP/1.1" 500 170811
2025-03-16 19:11:50,026 - ERROR - log - Internal Server Error: /Adherent/creer/
Traceback (most recent call last):
  File "C:\Users\DAII IATITUDE\AppData\Local\Programs\Python\Python39\lib\site-packages\django\db\backends\utils.py", line 89, in _execute
    return self.cursor.execute(sql, params)
  File "C:\Users\DAII IATITUDE\AppData\Local\Programs\Python\Python39\lib\site-packages\django\db\backends\sqlite3\base.py", line 328, in execute
    return super().execute(query, params)
sqlite3.IntegrityError: UNIQUE constraint failed: user_user.username

The above exception was the direct cause of the following exception:

Traceback (most recent call last):
  File "C:\Users\DAII IATITUDE\AppData\Local\Programs\Python\Python39\lib\site-packages\django\core\handlers\exception.py", line 55, in inner
    response = get_response(request)
  File "C:\Users\DAII IATITUDE\AppData\Local\Programs\Python\Python39\lib\site-packages\django\core\handlers\base.py", line 197, in _get_response
    response = wrapped_callback(request, *callback_args, **callback_kwargs)
  File "C:\Users\DAII IATITUDE\Desktop\Projet\AJCA_Project\Adherent\views.py", line 18, in adherent_create
    form.save()
  File "C:\Users\DAII IATITUDE\AppData\Local\Programs\Python\Python39\lib\site-packages\django\forms\models.py", line 542, in save
    self.instance.save()
  File "C:\Users\DAII IATITUDE\AppData\Local\Programs\Python\Python39\lib\site-packages\django\contrib\auth\base_user.py", line 76, in save
    super().save(*args, **kwargs)
  File "C:\Users\DAII IATITUDE\AppData\Local\Programs\Python\Python39\lib\site-packages\django\db\models\base.py", line 814, in save
    self.save_base(
  File "C:\Users\DAII IATITUDE\AppData\Local\Programs\Python\Python39\lib\site-packages\django\db\models\base.py", line 876, in save_base
    parent_inserted = self._save_parents(cls, using, update_fields)
  File "C:\Users\DAII IATITUDE\AppData\Local\Programs\Python\Python39\lib\site-packages\django\db\models\base.py", line 918, in _save_parents
    updated = self._save_table(
  File "C:\Users\DAII IATITUDE\AppData\Local\Programs\Python\Python39\lib\site-packages\django\db\models\base.py", line 1020, in _save_table
    results = self._do_insert(
  File "C:\Users\DAII IATITUDE\AppData\Local\Programs\Python\Python39\lib\site-packages\django\db\models\base.py", line 1061, in _do_insert
    return manager._insert(
  File "C:\Users\DAII IATITUDE\AppData\Local\Programs\Python\Python39\lib\site-packages\django\db\models\manager.py", line 87, in manager_method
    return getattr(self.get_queryset(), name)(*args, **kwargs)
  File "C:\Users\DAII IATITUDE\AppData\Local\Programs\Python\Python39\lib\site-packages\django\db\models\query.py", line 1805, in _insert
    return query.get_compiler(using=using).execute_sql(returning_fields)
  File "C:\Users\DAII IATITUDE\AppData\Local\Programs\Python\Python39\lib\site-packages\django\db\models\sql\compiler.py", line 1822, in execute_sql
    cursor.execute(sql, params)
  File "C:\Users\DAII IATITUDE\AppData\Local\Programs\Python\Python39\lib\site-packages\django\db\backends\utils.py", line 102, in execute
    return super().execute(sql, params)
  File "C:\Users\DAII IATITUDE\AppData\Local\Programs\Python\Python39\lib\site-packages\django\db\backends\utils.py", line 67, in execute
    return self._execute_with_wrappers(
  File "C:\Users\DAII IATITUDE\AppData\Local\Programs\Python\Python39\lib\site-packages\django\db\backends\utils.py", line 80, in _execute_with_wrappers
    return executor(sql, params, many, context)
  File "C:\Users\DAII IATITUDE\AppData\Local\Programs\Python\Python39\lib\site-packages\django\db\backends\utils.py", line 89, in _execute
    return self.cursor.execute(sql, params)
  File "C:\Users\DAII IATITUDE\AppData\Local\Programs\Python\Python39\lib\site-packages\django\db\utils.py", line 91, in __exit__
    raise dj_exc_value.with_traceback(traceback) from exc_value
  File "C:\Users\DAII IATITUDE\AppData\Local\Programs\Python\Python39\lib\site-packages\django\db\backends\utils.py", line 89, in _execute
    return self.cursor.execute(sql, params)
  File "C:\Users\DAII IATITUDE\AppData\Local\Programs\Python\Python39\lib\site-packages\django\db\backends\sqlite3\base.py", line 328, in execute
    return super().execute(query, params)
django.db.utils.IntegrityError: UNIQUE constraint failed: user_user.username
2025-03-16 19:11:50,030 - ERROR - basehttp - "POST /Adherent/creer/ HTTP/1.1" 500 170823
2025-03-16 19:12:13,926 - INFO - basehttp - "GET /Adherent/ HTTP/1.1" 200 9002
2025-03-16 19:12:22,556 - INFO - basehttp - "GET /Adherent/1/modifier/ HTTP/1.1" 200 12476
2025-03-16 19:14:04,656 - INFO - basehttp - "GET /Adherent/1/modifier/ HTTP/1.1" 200 12506
2025-03-16 19:14:15,645 - INFO - basehttp - "GET /Adherent/ HTTP/1.1" 200 9002
2025-03-16 19:14:19,052 - INFO - basehttp - "GET /Adherent/1/modifier/ HTTP/1.1" 200 12506
2025-03-16 19:14:30,623 - ERROR - log - Internal Server Error: /Adherent/1/modifier/
Traceback (most recent call last):
  File "C:\Users\DAII IATITUDE\AppData\Local\Programs\Python\Python39\lib\site-packages\django\core\handlers\exception.py", line 55, in inner
    response = get_response(request)
  File "C:\Users\DAII IATITUDE\AppData\Local\Programs\Python\Python39\lib\site-packages\django\core\handlers\base.py", line 197, in _get_response
    response = wrapped_callback(request, *callback_args, **callback_kwargs)
  File "C:\Users\DAII IATITUDE\Desktop\Projet\AJCA_Project\Adherent\views.py", line 33, in modifier_adherent
    if form.is_valid():
  File "C:\Users\DAII IATITUDE\AppData\Local\Programs\Python\Python39\lib\site-packages\django\forms\forms.py", line 201, in is_valid
    return self.is_bound and not self.errors
  File "C:\Users\DAII IATITUDE\AppData\Local\Programs\Python\Python39\lib\site-packages\django\forms\forms.py", line 196, in errors
    self.full_clean()
  File "C:\Users\DAII IATITUDE\AppData\Local\Programs\Python\Python39\lib\site-packages\django\forms\forms.py", line 434, in full_clean
    self._clean_form()
  File "C:\Users\DAII IATITUDE\AppData\Local\Programs\Python\Python39\lib\site-packages\django\forms\forms.py", line 455, in _clean_form
    cleaned_data = self.clean()
  File "C:\Users\DAII IATITUDE\Desktop\Projet\AJCA_Project\Adherent\forms.py", line 25, in clean
    if date_naissance and date_creation and date_creation < date_naissance:
TypeError: can't compare datetime.datetime to datetime.date
2025-03-16 19:14:30,631 - ERROR - basehttp - "POST /Adherent/1/modifier/ HTTP/1.1" 500 86938
2025-03-16 19:16:35,492 - ERROR - log - Internal Server Error: /Adherent/1/modifier/
Traceback (most recent call last):
  File "C:\Users\DAII IATITUDE\AppData\Local\Programs\Python\Python39\lib\site-packages\django\core\handlers\exception.py", line 55, in inner
    response = get_response(request)
  File "C:\Users\DAII IATITUDE\AppData\Local\Programs\Python\Python39\lib\site-packages\django\core\handlers\base.py", line 197, in _get_response
    response = wrapped_callback(request, *callback_args, **callback_kwargs)
  File "C:\Users\DAII IATITUDE\Desktop\Projet\AJCA_Project\Adherent\views.py", line 33, in modifier_adherent
    if form.is_valid():
  File "C:\Users\DAII IATITUDE\AppData\Local\Programs\Python\Python39\lib\site-packages\django\forms\forms.py", line 201, in is_valid
    return self.is_bound and not self.errors
  File "C:\Users\DAII IATITUDE\AppData\Local\Programs\Python\Python39\lib\site-packages\django\forms\forms.py", line 196, in errors
    self.full_clean()
  File "C:\Users\DAII IATITUDE\AppData\Local\Programs\Python\Python39\lib\site-packages\django\forms\forms.py", line 434, in full_clean
    self._clean_form()
  File "C:\Users\DAII IATITUDE\AppData\Local\Programs\Python\Python39\lib\site-packages\django\forms\forms.py", line 455, in _clean_form
    cleaned_data = self.clean()
  File "C:\Users\DAII IATITUDE\Desktop\Projet\AJCA_Project\Adherent\forms.py", line 25, in clean
    if date_naissance and date_creation and date_creation < date_naissance:
TypeError: can't compare datetime.datetime to datetime.date
2025-03-16 19:16:35,495 - ERROR - basehttp - "POST /Adherent/1/modifier/ HTTP/1.1" 500 86946
2025-03-16 19:24:45,328 - ERROR - log - Internal Server Error: /Adherent/1/modifier/
Traceback (most recent call last):
  File "C:\Users\DAII IATITUDE\AppData\Local\Programs\Python\Python39\lib\site-packages\django\core\handlers\exception.py", line 55, in inner
    response = get_response(request)
  File "C:\Users\DAII IATITUDE\AppData\Local\Programs\Python\Python39\lib\site-packages\django\core\handlers\base.py", line 197, in _get_response
    response = wrapped_callback(request, *callback_args, **callback_kwargs)
  File "C:\Users\DAII IATITUDE\Desktop\Projet\AJCA_Project\Adherent\views.py", line 33, in modifier_adherent
    if form.is_valid():
  File "C:\Users\DAII IATITUDE\AppData\Local\Programs\Python\Python39\lib\site-packages\django\forms\forms.py", line 201, in is_valid
    return self.is_bound and not self.errors
  File "C:\Users\DAII IATITUDE\AppData\Local\Programs\Python\Python39\lib\site-packages\django\forms\forms.py", line 196, in errors
    self.full_clean()
  File "C:\Users\DAII IATITUDE\AppData\Local\Programs\Python\Python39\lib\site-packages\django\forms\forms.py", line 434, in full_clean
    self._clean_form()
  File "C:\Users\DAII IATITUDE\AppData\Local\Programs\Python\Python39\lib\site-packages\django\forms\forms.py", line 455, in _clean_form
    cleaned_data = self.clean()
  File "C:\Users\DAII IATITUDE\Desktop\Projet\AJCA_Project\Adherent\forms.py", line 25, in clean
    if date_naissance and date_creation and date_creation < date_naissance:
TypeError: can't compare datetime.datetime to datetime.date
2025-03-16 19:24:45,332 - ERROR - basehttp - "POST /Adherent/1/modifier/ HTTP/1.1" 500 86946
2025-03-16 19:25:10,219 - ERROR - log - Internal Server Error: /Adherent/1/modifier/
Traceback (most recent call last):
  File "C:\Users\DAII IATITUDE\AppData\Local\Programs\Python\Python39\lib\site-packages\django\core\handlers\exception.py", line 55, in inner
    response = get_response(request)
  File "C:\Users\DAII IATITUDE\AppData\Local\Programs\Python\Python39\lib\site-packages\django\core\handlers\base.py", line 197, in _get_response
    response = wrapped_callback(request, *callback_args, **callback_kwargs)
  File "C:\Users\DAII IATITUDE\Desktop\Projet\AJCA_Project\Adherent\views.py", line 33, in modifier_adherent
    if form.is_valid():
  File "C:\Users\DAII IATITUDE\AppData\Local\Programs\Python\Python39\lib\site-packages\django\forms\forms.py", line 201, in is_valid
    return self.is_bound and not self.errors
  File "C:\Users\DAII IATITUDE\AppData\Local\Programs\Python\Python39\lib\site-packages\django\forms\forms.py", line 196, in errors
    self.full_clean()
  File "C:\Users\DAII IATITUDE\AppData\Local\Programs\Python\Python39\lib\site-packages\django\forms\forms.py", line 434, in full_clean
    self._clean_form()
  File "C:\Users\DAII IATITUDE\AppData\Local\Programs\Python\Python39\lib\site-packages\django\forms\forms.py", line 455, in _clean_form
    cleaned_data = self.clean()
  File "C:\Users\DAII IATITUDE\Desktop\Projet\AJCA_Project\Adherent\forms.py", line 25, in clean
    if date_naissance and date_creation and date_creation < date_naissance:
TypeError: can't compare datetime.datetime to datetime.date
2025-03-16 19:25:10,227 - ERROR - basehttp - "POST /Adherent/1/modifier/ HTTP/1.1" 500 86946
2025-03-16 19:27:08,455 - INFO - autoreload - C:\Users\DAII IATITUDE\Desktop\Projet\AJCA_Project\Adherent\views.py changed, reloading.
2025-03-16 19:27:10,649 - INFO - autoreload - Watching for file changes with StatReloader
2025-03-16 19:27:41,385 - ERROR - log - Internal Server Error: /Adherent/1/modifier/
Traceback (most recent call last):
  File "C:\Users\DAII IATITUDE\AppData\Local\Programs\Python\Python39\lib\site-packages\django\core\handlers\exception.py", line 55, in inner
    response = get_response(request)
  File "C:\Users\DAII IATITUDE\AppData\Local\Programs\Python\Python39\lib\site-packages\django\core\handlers\base.py", line 197, in _get_response
    response = wrapped_callback(request, *callback_args, **callback_kwargs)
  File "C:\Users\DAII IATITUDE\Desktop\Projet\AJCA_Project\Adherent\views.py", line 32, in modifier_adherent
    if form.is_valid():
  File "C:\Users\DAII IATITUDE\AppData\Local\Programs\Python\Python39\lib\site-packages\django\forms\forms.py", line 201, in is_valid
    return self.is_bound and not self.errors
  File "C:\Users\DAII IATITUDE\AppData\Local\Programs\Python\Python39\lib\site-packages\django\forms\forms.py", line 196, in errors
    self.full_clean()
  File "C:\Users\DAII IATITUDE\AppData\Local\Programs\Python\Python39\lib\site-packages\django\forms\forms.py", line 434, in full_clean
    self._clean_form()
  File "C:\Users\DAII IATITUDE\AppData\Local\Programs\Python\Python39\lib\site-packages\django\forms\forms.py", line 455, in _clean_form
    cleaned_data = self.clean()
  File "C:\Users\DAII IATITUDE\Desktop\Projet\AJCA_Project\Adherent\forms.py", line 25, in clean
    if date_naissance and date_creation and date_creation < date_naissance:
TypeError: can't compare datetime.datetime to datetime.date
2025-03-16 19:27:41,389 - ERROR - basehttp - "POST /Adherent/1/modifier/ HTTP/1.1" 500 86758
2025-03-16 19:27:54,312 - INFO - basehttp - "GET /Adherent/1/modifier/ HTTP/1.1" 200 12506
2025-03-16 19:28:06,682 - ERROR - log - Internal Server Error: /Adherent/1/modifier/
Traceback (most recent call last):
  File "C:\Users\DAII IATITUDE\AppData\Local\Programs\Python\Python39\lib\site-packages\django\core\handlers\exception.py", line 55, in inner
    response = get_response(request)
  File "C:\Users\DAII IATITUDE\AppData\Local\Programs\Python\Python39\lib\site-packages\django\core\handlers\base.py", line 197, in _get_response
    response = wrapped_callback(request, *callback_args, **callback_kwargs)
  File "C:\Users\DAII IATITUDE\Desktop\Projet\AJCA_Project\Adherent\views.py", line 32, in modifier_adherent
    if form.is_valid():
  File "C:\Users\DAII IATITUDE\AppData\Local\Programs\Python\Python39\lib\site-packages\django\forms\forms.py", line 201, in is_valid
    return self.is_bound and not self.errors
  File "C:\Users\DAII IATITUDE\AppData\Local\Programs\Python\Python39\lib\site-packages\django\forms\forms.py", line 196, in errors
    self.full_clean()
  File "C:\Users\DAII IATITUDE\AppData\Local\Programs\Python\Python39\lib\site-packages\django\forms\forms.py", line 434, in full_clean
    self._clean_form()
  File "C:\Users\DAII IATITUDE\AppData\Local\Programs\Python\Python39\lib\site-packages\django\forms\forms.py", line 455, in _clean_form
    cleaned_data = self.clean()
  File "C:\Users\DAII IATITUDE\Desktop\Projet\AJCA_Project\Adherent\forms.py", line 25, in clean
    if date_naissance and date_creation and date_creation < date_naissance:
TypeError: can't compare datetime.datetime to datetime.date
2025-03-16 19:28:06,685 - ERROR - basehttp - "POST /Adherent/1/modifier/ HTTP/1.1" 500 86740
2025-03-16 19:30:11,298 - INFO - autoreload - C:\Users\DAII IATITUDE\Desktop\Projet\AJCA_Project\Adherent\forms.py changed, reloading.
2025-03-16 19:30:13,174 - INFO - autoreload - Watching for file changes with StatReloader
2025-03-16 19:30:57,867 - INFO - autoreload - C:\Users\DAII IATITUDE\Desktop\Projet\AJCA_Project\tuteur\forms.py changed, reloading.
2025-03-16 19:30:59,609 - INFO - autoreload - Watching for file changes with StatReloader
2025-03-16 19:31:16,192 - INFO - basehttp - "POST /Adherent/1/modifier/ HTTP/1.1" 200 13297
2025-03-16 19:41:59,199 - INFO - basehttp - "POST /Adherent/1/modifier/ HTTP/1.1" 200 14083
2025-03-16 19:43:42,908 - INFO - basehttp - "POST /Adherent/1/modifier/ HTTP/1.1" 200 13489
2025-03-16 19:45:30,804 - INFO - basehttp - "POST /Adherent/1/modifier/ HTTP/1.1" 200 13487
2025-03-16 19:45:38,962 - INFO - basehttp - "GET /Adherent/ HTTP/1.1" 200 9002
2025-03-16 19:45:40,426 - INFO - basehttp - "GET /Adherent/creer/ HTTP/1.1" 200 12878
2025-03-16 19:45:51,558 - INFO - basehttp - "GET /Adherent/ HTTP/1.1" 200 9002
2025-03-16 19:45:55,425 - INFO - basehttp - "GET /Adherent/1/modifier/ HTTP/1.1" 200 12696
2025-03-16 19:47:11,801 - INFO - basehttp - "GET /Adherent/1/modifier/ HTTP/1.1" 200 12201
2025-03-16 19:47:31,841 - INFO - basehttp - "POST /Adherent/1/modifier/ HTTP/1.1" 302 0
2025-03-16 19:47:31,871 - INFO - basehttp - "GET /Adherent/ HTTP/1.1" 200 9023
2025-03-16 19:47:47,681 - ERROR - log - Internal Server Error: /Adherent/1/
Traceback (most recent call last):
  File "C:\Users\DAII IATITUDE\AppData\Local\Programs\Python\Python39\lib\site-packages\django\core\handlers\exception.py", line 55, in inner
    response = get_response(request)
  File "C:\Users\DAII IATITUDE\AppData\Local\Programs\Python\Python39\lib\site-packages\django\core\handlers\base.py", line 197, in _get_response
    response = wrapped_callback(request, *callback_args, **callback_kwargs)
  File "C:\Users\DAII IATITUDE\Desktop\Projet\AJCA_Project\Adherent\views.py", line 26, in adherent_detail
    return render(request, 'Adherent/adherent_detail.html', {'adherent': adherent})
  File "C:\Users\DAII IATITUDE\AppData\Local\Programs\Python\Python39\lib\site-packages\django\shortcuts.py", line 24, in render
    content = loader.render_to_string(template_name, context, request, using=using)
  File "C:\Users\DAII IATITUDE\AppData\Local\Programs\Python\Python39\lib\site-packages\django\template\loader.py", line 61, in render_to_string
    template = get_template(template_name, using=using)
  File "C:\Users\DAII IATITUDE\AppData\Local\Programs\Python\Python39\lib\site-packages\django\template\loader.py", line 19, in get_template
    raise TemplateDoesNotExist(template_name, chain=chain)
django.template.exceptions.TemplateDoesNotExist: Adherent/adherent_detail.html
2025-03-16 19:47:47,684 - ERROR - basehttp - "GET /Adherent/1/ HTTP/1.1" 500 81476
2025-03-16 19:48:37,213 - ERROR - log - Internal Server Error: /Adherent/1/
Traceback (most recent call last):
  File "C:\Users\DAII IATITUDE\AppData\Local\Programs\Python\Python39\lib\site-packages\django\core\handlers\exception.py", line 55, in inner
    response = get_response(request)
  File "C:\Users\DAII IATITUDE\AppData\Local\Programs\Python\Python39\lib\site-packages\django\core\handlers\base.py", line 197, in _get_response
    response = wrapped_callback(request, *callback_args, **callback_kwargs)
  File "C:\Users\DAII IATITUDE\Desktop\Projet\AJCA_Project\Adherent\views.py", line 26, in adherent_detail
    return render(request, 'Adherent/adherent_detail.html', {'adherent': adherent})
  File "C:\Users\DAII IATITUDE\AppData\Local\Programs\Python\Python39\lib\site-packages\django\shortcuts.py", line 24, in render
    content = loader.render_to_string(template_name, context, request, using=using)
  File "C:\Users\DAII IATITUDE\AppData\Local\Programs\Python\Python39\lib\site-packages\django\template\loader.py", line 62, in render_to_string
    return template.render(context, request)
  File "C:\Users\DAII IATITUDE\AppData\Local\Programs\Python\Python39\lib\site-packages\django\template\backends\django.py", line 61, in render
    return self.template.render(context)
  File "C:\Users\DAII IATITUDE\AppData\Local\Programs\Python\Python39\lib\site-packages\django\template\base.py", line 175, in render
    return self._render(context)
  File "C:\Users\DAII IATITUDE\AppData\Local\Programs\Python\Python39\lib\site-packages\django\template\base.py", line 167, in _render
    return self.nodelist.render(context)
  File "C:\Users\DAII IATITUDE\AppData\Local\Programs\Python\Python39\lib\site-packages\django\template\base.py", line 1005, in render
    return SafeString("".join([node.render_annotated(context) for node in self]))
  File "C:\Users\DAII IATITUDE\AppData\Local\Programs\Python\Python39\lib\site-packages\django\template\base.py", line 1005, in <listcomp>
    return SafeString("".join([node.render_annotated(context) for node in self]))
  File "C:\Users\DAII IATITUDE\AppData\Local\Programs\Python\Python39\lib\site-packages\django\template\base.py", line 966, in render_annotated
    return self.render(context)
  File "C:\Users\DAII IATITUDE\AppData\Local\Programs\Python\Python39\lib\site-packages\django\template\loader_tags.py", line 157, in render
    return compiled_parent._render(context)
  File "C:\Users\DAII IATITUDE\AppData\Local\Programs\Python\Python39\lib\site-packages\django\template\base.py", line 167, in _render
    return self.nodelist.render(context)
  File "C:\Users\DAII IATITUDE\AppData\Local\Programs\Python\Python39\lib\site-packages\django\template\base.py", line 1005, in render
    return SafeString("".join([node.render_annotated(context) for node in self]))
  File "C:\Users\DAII IATITUDE\AppData\Local\Programs\Python\Python39\lib\site-packages\django\template\base.py", line 1005, in <listcomp>
    return SafeString("".join([node.render_annotated(context) for node in self]))
  File "C:\Users\DAII IATITUDE\AppData\Local\Programs\Python\Python39\lib\site-packages\django\template\base.py", line 966, in render_annotated
    return self.render(context)
  File "C:\Users\DAII IATITUDE\AppData\Local\Programs\Python\Python39\lib\site-packages\django\template\loader_tags.py", line 63, in render
    result = block.nodelist.render(context)
  File "C:\Users\DAII IATITUDE\AppData\Local\Programs\Python\Python39\lib\site-packages\django\template\base.py", line 1005, in render
    return SafeString("".join([node.render_annotated(context) for node in self]))
  File "C:\Users\DAII IATITUDE\AppData\Local\Programs\Python\Python39\lib\site-packages\django\template\base.py", line 1005, in <listcomp>
    return SafeString("".join([node.render_annotated(context) for node in self]))
  File "C:\Users\DAII IATITUDE\AppData\Local\Programs\Python\Python39\lib\site-packages\django\template\base.py", line 966, in render_annotated
    return self.render(context)
  File "C:\Users\DAII IATITUDE\AppData\Local\Programs\Python\Python39\lib\site-packages\django\template\defaulttags.py", line 471, in render
    url = reverse(view_name, args=args, kwargs=kwargs, current_app=current_app)
  File "C:\Users\DAII IATITUDE\AppData\Local\Programs\Python\Python39\lib\site-packages\django\urls\base.py", line 88, in reverse
    return resolver._reverse_with_prefix(view, prefix, *args, **kwargs)
  File "C:\Users\DAII IATITUDE\AppData\Local\Programs\Python\Python39\lib\site-packages\django\urls\resolvers.py", line 828, in _reverse_with_prefix
    raise NoReverseMatch(msg)
django.urls.exceptions.NoReverseMatch: Reverse for 'modifier' with arguments '('',)' not found. 1 pattern(s) tried: ['Tuteur/(?P<id>[0-9]+)/modifier/\\Z']
2025-03-16 19:48:37,221 - ERROR - basehttp - "GET /Adherent/1/ HTTP/1.1" 500 172875
2025-03-16 19:50:00,855 - INFO - basehttp - "GET /Adherent/1/ HTTP/1.1" 200 10140
2025-03-16 19:50:00,989 - WARNING - log - Not Found: /media/1.png
2025-03-16 19:50:00,991 - WARNING - basehttp - "GET /media/1.png HTTP/1.1" 404 3009
2025-03-16 19:50:09,336 - INFO - basehttp - "GET /Adherent/1/modifier/ HTTP/1.1" 200 12222
2025-03-16 19:50:12,481 - INFO - basehttp - "GET /Adherent/ HTTP/1.1" 200 9023
2025-03-16 19:52:58,497 - INFO - basehttp - "GET /Adherent/1/ HTTP/1.1" 200 10140
2025-03-16 19:52:58,634 - WARNING - log - Not Found: /media/1.png
2025-03-16 19:52:58,639 - WARNING - basehttp - "GET /media/1.png HTTP/1.1" 404 3009
2025-03-16 19:54:10,630 - INFO - basehttp - "GET /Adherent/1/ HTTP/1.1" 200 10231
2025-03-16 19:54:10,753 - WARNING - log - Not Found: /media/1.png
2025-03-16 19:54:10,754 - WARNING - basehttp - "GET /media/1.png HTTP/1.1" 404 3009
2025-03-16 19:54:51,172 - INFO - basehttp - "GET /Adherent/1/ HTTP/1.1" 200 10252
2025-03-16 19:54:51,334 - WARNING - log - Not Found: /media/1.png
2025-03-16 19:54:51,335 - WARNING - basehttp - "GET /media/1.png HTTP/1.1" 404 3009
2025-03-16 19:54:55,451 - INFO - basehttp - "GET /Adherent/ HTTP/1.1" 200 9023
2025-03-16 19:54:57,346 - INFO - basehttp - "GET /Adherent/1/ HTTP/1.1" 200 10252
2025-03-16 19:54:57,421 - WARNING - log - Not Found: /media/1.png
2025-03-16 19:54:57,423 - WARNING - basehttp - "GET /media/1.png HTTP/1.1" 404 3009
2025-03-16 19:55:32,293 - INFO - basehttp - "GET /Adherent/1/modifier/ HTTP/1.1" 200 12222
2025-03-16 19:55:40,534 - INFO - basehttp - "POST /Adherent/1/modifier/ HTTP/1.1" 302 0
2025-03-16 19:55:40,562 - INFO - basehttp - "GET /Adherent/ HTTP/1.1" 200 9023
2025-03-16 19:55:42,795 - INFO - basehttp - "GET /Adherent/1/ HTTP/1.1" 200 10252
2025-03-16 19:55:42,872 - WARNING - log - Not Found: /media/1.png
2025-03-16 19:55:42,873 - WARNING - basehttp - "GET /media/1.png HTTP/1.1" 404 3009
2025-03-16 20:00:45,044 - INFO - basehttp - "GET /Adherent/1/ HTTP/1.1" 200 10166
2025-03-16 20:00:45,224 - WARNING - log - Not Found: /media/1.png
2025-03-16 20:00:45,228 - WARNING - basehttp - "GET /media/1.png HTTP/1.1" 404 3009
2025-03-16 20:01:26,082 - INFO - basehttp - "GET /Adherent/1/ HTTP/1.1" 200 10168
2025-03-16 20:01:26,258 - WARNING - log - Not Found: /media/1.png
2025-03-16 20:01:26,261 - WARNING - basehttp - "GET /media/1.png HTTP/1.1" 404 3009
2025-03-16 20:02:11,646 - ERROR - log - Internal Server Error: /Adherent/1/supprimer/
Traceback (most recent call last):
  File "C:\Users\DAII IATITUDE\AppData\Local\Programs\Python\Python39\lib\site-packages\django\core\handlers\exception.py", line 55, in inner
    response = get_response(request)
  File "C:\Users\DAII IATITUDE\AppData\Local\Programs\Python\Python39\lib\site-packages\django\core\handlers\base.py", line 197, in _get_response
    response = wrapped_callback(request, *callback_args, **callback_kwargs)
  File "C:\Users\DAII IATITUDE\Desktop\Projet\AJCA_Project\Adherent\views.py", line 44, in supprimer_adherent
    return render(request, 'Adherent/supprimer_adherent.html', {'adherent': adherent})
  File "C:\Users\DAII IATITUDE\AppData\Local\Programs\Python\Python39\lib\site-packages\django\shortcuts.py", line 24, in render
    content = loader.render_to_string(template_name, context, request, using=using)
  File "C:\Users\DAII IATITUDE\AppData\Local\Programs\Python\Python39\lib\site-packages\django\template\loader.py", line 61, in render_to_string
    template = get_template(template_name, using=using)
  File "C:\Users\DAII IATITUDE\AppData\Local\Programs\Python\Python39\lib\site-packages\django\template\loader.py", line 19, in get_template
    raise TemplateDoesNotExist(template_name, chain=chain)
django.template.exceptions.TemplateDoesNotExist: Adherent/supprimer_adherent.html
2025-03-16 20:02:11,650 - ERROR - basehttp - "GET /Adherent/1/supprimer/ HTTP/1.1" 500 80675
2025-03-16 20:03:09,160 - ERROR - log - Internal Server Error: /Adherent/1/supprimer/
Traceback (most recent call last):
  File "C:\Users\DAII IATITUDE\AppData\Local\Programs\Python\Python39\lib\site-packages\django\core\handlers\exception.py", line 55, in inner
    response = get_response(request)
  File "C:\Users\DAII IATITUDE\AppData\Local\Programs\Python\Python39\lib\site-packages\django\core\handlers\base.py", line 197, in _get_response
    response = wrapped_callback(request, *callback_args, **callback_kwargs)
  File "C:\Users\DAII IATITUDE\Desktop\Projet\AJCA_Project\Adherent\views.py", line 44, in supprimer_adherent
    return render(request, 'Adherent/supprimer_adherent.html', {'adherent': adherent})
  File "C:\Users\DAII IATITUDE\AppData\Local\Programs\Python\Python39\lib\site-packages\django\shortcuts.py", line 24, in render
    content = loader.render_to_string(template_name, context, request, using=using)
  File "C:\Users\DAII IATITUDE\AppData\Local\Programs\Python\Python39\lib\site-packages\django\template\loader.py", line 62, in render_to_string
    return template.render(context, request)
  File "C:\Users\DAII IATITUDE\AppData\Local\Programs\Python\Python39\lib\site-packages\django\template\backends\django.py", line 61, in render
    return self.template.render(context)
  File "C:\Users\DAII IATITUDE\AppData\Local\Programs\Python\Python39\lib\site-packages\django\template\base.py", line 175, in render
    return self._render(context)
  File "C:\Users\DAII IATITUDE\AppData\Local\Programs\Python\Python39\lib\site-packages\django\template\base.py", line 167, in _render
    return self.nodelist.render(context)
  File "C:\Users\DAII IATITUDE\AppData\Local\Programs\Python\Python39\lib\site-packages\django\template\base.py", line 1005, in render
    return SafeString("".join([node.render_annotated(context) for node in self]))
  File "C:\Users\DAII IATITUDE\AppData\Local\Programs\Python\Python39\lib\site-packages\django\template\base.py", line 1005, in <listcomp>
    return SafeString("".join([node.render_annotated(context) for node in self]))
  File "C:\Users\DAII IATITUDE\AppData\Local\Programs\Python\Python39\lib\site-packages\django\template\base.py", line 966, in render_annotated
    return self.render(context)
  File "C:\Users\DAII IATITUDE\AppData\Local\Programs\Python\Python39\lib\site-packages\django\template\loader_tags.py", line 157, in render
    return compiled_parent._render(context)
  File "C:\Users\DAII IATITUDE\AppData\Local\Programs\Python\Python39\lib\site-packages\django\template\base.py", line 167, in _render
    return self.nodelist.render(context)
  File "C:\Users\DAII IATITUDE\AppData\Local\Programs\Python\Python39\lib\site-packages\django\template\base.py", line 1005, in render
    return SafeString("".join([node.render_annotated(context) for node in self]))
  File "C:\Users\DAII IATITUDE\AppData\Local\Programs\Python\Python39\lib\site-packages\django\template\base.py", line 1005, in <listcomp>
    return SafeString("".join([node.render_annotated(context) for node in self]))
  File "C:\Users\DAII IATITUDE\AppData\Local\Programs\Python\Python39\lib\site-packages\django\template\base.py", line 966, in render_annotated
    return self.render(context)
  File "C:\Users\DAII IATITUDE\AppData\Local\Programs\Python\Python39\lib\site-packages\django\template\loader_tags.py", line 63, in render
    result = block.nodelist.render(context)
  File "C:\Users\DAII IATITUDE\AppData\Local\Programs\Python\Python39\lib\site-packages\django\template\base.py", line 1005, in render
    return SafeString("".join([node.render_annotated(context) for node in self]))
  File "C:\Users\DAII IATITUDE\AppData\Local\Programs\Python\Python39\lib\site-packages\django\template\base.py", line 1005, in <listcomp>
    return SafeString("".join([node.render_annotated(context) for node in self]))
  File "C:\Users\DAII IATITUDE\AppData\Local\Programs\Python\Python39\lib\site-packages\django\template\base.py", line 966, in render_annotated
    return self.render(context)
  File "C:\Users\DAII IATITUDE\AppData\Local\Programs\Python\Python39\lib\site-packages\django\template\defaulttags.py", line 471, in render
    url = reverse(view_name, args=args, kwargs=kwargs, current_app=current_app)
  File "C:\Users\DAII IATITUDE\AppData\Local\Programs\Python\Python39\lib\site-packages\django\urls\base.py", line 88, in reverse
    return resolver._reverse_with_prefix(view, prefix, *args, **kwargs)
  File "C:\Users\DAII IATITUDE\AppData\Local\Programs\Python\Python39\lib\site-packages\django\urls\resolvers.py", line 828, in _reverse_with_prefix
    raise NoReverseMatch(msg)
django.urls.exceptions.NoReverseMatch: Reverse for 'Tuteurt' not found. 'Tuteurt' is not a valid view function or pattern name.
2025-03-16 20:03:09,167 - ERROR - basehttp - "GET /Adherent/1/supprimer/ HTTP/1.1" 500 160971
2025-03-16 20:04:03,493 - INFO - basehttp - "GET /Adherent/1/supprimer/ HTTP/1.1" 200 8649
2025-03-16 20:05:02,356 - INFO - basehttp - "GET /Adherent/1/supprimer/ HTTP/1.1" 200 8657
2025-03-16 20:05:39,663 - INFO - basehttp - "GET /Adherent/1/supprimer/ HTTP/1.1" 200 8657
2025-03-16 20:06:23,711 - INFO - basehttp - "GET /Adherent/1/supprimer/ HTTP/1.1" 200 8657
2025-03-16 20:06:23,873 - INFO - basehttp - "GET /Adherent/1/supprimer/ HTTP/1.1" 200 8657
2025-03-16 20:07:08,613 - INFO - basehttp - "GET /Adherent/1/supprimer/ HTTP/1.1" 200 8672
2025-03-16 20:08:11,254 - INFO - basehttp - "GET /Adherent/1/supprimer/ HTTP/1.1" 200 8616
2025-03-16 20:08:13,263 - INFO - basehttp - "GET /Adherent/ HTTP/1.1" 200 9023
2025-03-16 20:16:18,335 - INFO - basehttp - "GET /Adherent/ HTTP/1.1" 200 9186
2025-03-16 20:16:47,077 - INFO - basehttp - "GET /Adherent/ HTTP/1.1" 200 9186
2025-03-16 20:16:49,731 - INFO - basehttp - "GET / HTTP/1.1" 200 12909
2025-03-16 20:16:58,431 - INFO - basehttp - "GET /Tuteur/ HTTP/1.1" 200 8190
2025-03-16 20:17:04,434 - INFO - basehttp - "GET /Tuteur/creer/ HTTP/1.1" 200 12371
2025-03-16 20:17:22,057 - INFO - basehttp - "GET /Adherent/ HTTP/1.1" 200 9186
2025-03-16 20:17:24,478 - INFO - basehttp - "GET /Adherent/ HTTP/1.1" 200 9186
2025-03-16 20:17:25,854 - INFO - basehttp - "GET /Adherent/ HTTP/1.1" 200 9186
2025-03-16 20:17:26,485 - INFO - basehttp - "GET /Tuteur/ HTTP/1.1" 200 8190
2025-03-16 20:17:27,699 - INFO - basehttp - "GET /Adherent/ HTTP/1.1" 200 9186
2025-03-16 20:17:28,665 - INFO - basehttp - "GET /Adherent/creer/ HTTP/1.1" 200 12878
2025-03-16 20:17:31,392 - INFO - basehttp - "POST /Adherent/creer/ HTTP/1.1" 200 13654
2025-03-16 20:17:34,517 - INFO - basehttp - "GET /Adherent/ HTTP/1.1" 200 9186
2025-03-16 20:17:36,057 - INFO - basehttp - "GET /Tuteur/ HTTP/1.1" 200 8190
2025-03-16 20:18:18,505 - INFO - basehttp - "GET /Tuteur/ HTTP/1.1" 200 8190
2025-03-16 20:18:19,589 - INFO - basehttp - "GET /Tuteur/ HTTP/1.1" 200 8190
2025-03-16 20:18:19,929 - INFO - basehttp - "GET /Tuteur/ HTTP/1.1" 200 8190
2025-03-16 20:18:20,517 - INFO - basehttp - "GET /Tuteur/ HTTP/1.1" 200 8190
2025-03-16 20:19:54,395 - INFO - basehttp - "GET /Tuteur/ HTTP/1.1" 200 8187
2025-03-16 20:19:56,104 - INFO - basehttp - "GET /Tuteur/creer/ HTTP/1.1" 200 12371
2025-03-16 20:21:36,793 - INFO - basehttp - "GET /Tuteur/creer/ HTTP/1.1" 200 12687
2025-03-16 20:24:54,652 - INFO - basehttp - "GET /Tuteur/creer/ HTTP/1.1" 200 12547
2025-03-16 20:25:33,108 - INFO - basehttp - "POST /Tuteur/creer/ HTTP/1.1" 200 13336
2025-03-16 20:26:11,204 - ERROR - log - Internal Server Error: /Tuteur/creer/
Traceback (most recent call last):
  File "C:\Users\DAII IATITUDE\AppData\Local\Programs\Python\Python39\lib\site-packages\django\db\backends\utils.py", line 89, in _execute
    return self.cursor.execute(sql, params)
  File "C:\Users\DAII IATITUDE\AppData\Local\Programs\Python\Python39\lib\site-packages\django\db\backends\sqlite3\base.py", line 328, in execute
    return super().execute(query, params)
sqlite3.IntegrityError: UNIQUE constraint failed: user_user.username

The above exception was the direct cause of the following exception:

Traceback (most recent call last):
  File "C:\Users\DAII IATITUDE\AppData\Local\Programs\Python\Python39\lib\site-packages\django\core\handlers\exception.py", line 55, in inner
    response = get_response(request)
  File "C:\Users\DAII IATITUDE\AppData\Local\Programs\Python\Python39\lib\site-packages\django\core\handlers\base.py", line 197, in _get_response
    response = wrapped_callback(request, *callback_args, **callback_kwargs)
  File "C:\Users\DAII IATITUDE\Desktop\Projet\AJCA_Project\tuteur\views.py", line 22, in tuteur_create
    form.save()
  File "C:\Users\DAII IATITUDE\AppData\Local\Programs\Python\Python39\lib\site-packages\django\forms\models.py", line 542, in save
    self.instance.save()
  File "C:\Users\DAII IATITUDE\AppData\Local\Programs\Python\Python39\lib\site-packages\django\contrib\auth\base_user.py", line 76, in save
    super().save(*args, **kwargs)
  File "C:\Users\DAII IATITUDE\AppData\Local\Programs\Python\Python39\lib\site-packages\django\db\models\base.py", line 814, in save
    self.save_base(
  File "C:\Users\DAII IATITUDE\AppData\Local\Programs\Python\Python39\lib\site-packages\django\db\models\base.py", line 876, in save_base
    parent_inserted = self._save_parents(cls, using, update_fields)
  File "C:\Users\DAII IATITUDE\AppData\Local\Programs\Python\Python39\lib\site-packages\django\db\models\base.py", line 918, in _save_parents
    updated = self._save_table(
  File "C:\Users\DAII IATITUDE\AppData\Local\Programs\Python\Python39\lib\site-packages\django\db\models\base.py", line 1020, in _save_table
    results = self._do_insert(
  File "C:\Users\DAII IATITUDE\AppData\Local\Programs\Python\Python39\lib\site-packages\django\db\models\base.py", line 1061, in _do_insert
    return manager._insert(
  File "C:\Users\DAII IATITUDE\AppData\Local\Programs\Python\Python39\lib\site-packages\django\db\models\manager.py", line 87, in manager_method
    return getattr(self.get_queryset(), name)(*args, **kwargs)
  File "C:\Users\DAII IATITUDE\AppData\Local\Programs\Python\Python39\lib\site-packages\django\db\models\query.py", line 1805, in _insert
    return query.get_compiler(using=using).execute_sql(returning_fields)
  File "C:\Users\DAII IATITUDE\AppData\Local\Programs\Python\Python39\lib\site-packages\django\db\models\sql\compiler.py", line 1822, in execute_sql
    cursor.execute(sql, params)
  File "C:\Users\DAII IATITUDE\AppData\Local\Programs\Python\Python39\lib\site-packages\django\db\backends\utils.py", line 102, in execute
    return super().execute(sql, params)
  File "C:\Users\DAII IATITUDE\AppData\Local\Programs\Python\Python39\lib\site-packages\django\db\backends\utils.py", line 67, in execute
    return self._execute_with_wrappers(
  File "C:\Users\DAII IATITUDE\AppData\Local\Programs\Python\Python39\lib\site-packages\django\db\backends\utils.py", line 80, in _execute_with_wrappers
    return executor(sql, params, many, context)
  File "C:\Users\DAII IATITUDE\AppData\Local\Programs\Python\Python39\lib\site-packages\django\db\backends\utils.py", line 89, in _execute
    return self.cursor.execute(sql, params)
  File "C:\Users\DAII IATITUDE\AppData\Local\Programs\Python\Python39\lib\site-packages\django\db\utils.py", line 91, in __exit__
    raise dj_exc_value.with_traceback(traceback) from exc_value
  File "C:\Users\DAII IATITUDE\AppData\Local\Programs\Python\Python39\lib\site-packages\django\db\backends\utils.py", line 89, in _execute
    return self.cursor.execute(sql, params)
  File "C:\Users\DAII IATITUDE\AppData\Local\Programs\Python\Python39\lib\site-packages\django\db\backends\sqlite3\base.py", line 328, in execute
    return super().execute(query, params)
django.db.utils.IntegrityError: UNIQUE constraint failed: user_user.username
2025-03-16 20:26:11,231 - ERROR - basehttp - "POST /Tuteur/creer/ HTTP/1.1" 500 170436
2025-03-16 20:28:32,451 - ERROR - log - Internal Server Error: /Tuteur/creer/
Traceback (most recent call last):
  File "C:\Users\DAII IATITUDE\AppData\Local\Programs\Python\Python39\lib\site-packages\django\db\backends\utils.py", line 89, in _execute
    return self.cursor.execute(sql, params)
  File "C:\Users\DAII IATITUDE\AppData\Local\Programs\Python\Python39\lib\site-packages\django\db\backends\sqlite3\base.py", line 328, in execute
    return super().execute(query, params)
sqlite3.IntegrityError: UNIQUE constraint failed: user_user.username

The above exception was the direct cause of the following exception:

Traceback (most recent call last):
  File "C:\Users\DAII IATITUDE\AppData\Local\Programs\Python\Python39\lib\site-packages\django\core\handlers\exception.py", line 55, in inner
    response = get_response(request)
  File "C:\Users\DAII IATITUDE\AppData\Local\Programs\Python\Python39\lib\site-packages\django\core\handlers\base.py", line 197, in _get_response
    response = wrapped_callback(request, *callback_args, **callback_kwargs)
  File "C:\Users\DAII IATITUDE\Desktop\Projet\AJCA_Project\tuteur\views.py", line 22, in tuteur_create
    form.save()
  File "C:\Users\DAII IATITUDE\AppData\Local\Programs\Python\Python39\lib\site-packages\django\forms\models.py", line 542, in save
    self.instance.save()
  File "C:\Users\DAII IATITUDE\AppData\Local\Programs\Python\Python39\lib\site-packages\django\contrib\auth\base_user.py", line 76, in save
    super().save(*args, **kwargs)
  File "C:\Users\DAII IATITUDE\AppData\Local\Programs\Python\Python39\lib\site-packages\django\db\models\base.py", line 814, in save
    self.save_base(
  File "C:\Users\DAII IATITUDE\AppData\Local\Programs\Python\Python39\lib\site-packages\django\db\models\base.py", line 876, in save_base
    parent_inserted = self._save_parents(cls, using, update_fields)
  File "C:\Users\DAII IATITUDE\AppData\Local\Programs\Python\Python39\lib\site-packages\django\db\models\base.py", line 918, in _save_parents
    updated = self._save_table(
  File "C:\Users\DAII IATITUDE\AppData\Local\Programs\Python\Python39\lib\site-packages\django\db\models\base.py", line 1020, in _save_table
    results = self._do_insert(
  File "C:\Users\DAII IATITUDE\AppData\Local\Programs\Python\Python39\lib\site-packages\django\db\models\base.py", line 1061, in _do_insert
    return manager._insert(
  File "C:\Users\DAII IATITUDE\AppData\Local\Programs\Python\Python39\lib\site-packages\django\db\models\manager.py", line 87, in manager_method
    return getattr(self.get_queryset(), name)(*args, **kwargs)
  File "C:\Users\DAII IATITUDE\AppData\Local\Programs\Python\Python39\lib\site-packages\django\db\models\query.py", line 1805, in _insert
    return query.get_compiler(using=using).execute_sql(returning_fields)
  File "C:\Users\DAII IATITUDE\AppData\Local\Programs\Python\Python39\lib\site-packages\django\db\models\sql\compiler.py", line 1822, in execute_sql
    cursor.execute(sql, params)
  File "C:\Users\DAII IATITUDE\AppData\Local\Programs\Python\Python39\lib\site-packages\django\db\backends\utils.py", line 102, in execute
    return super().execute(sql, params)
  File "C:\Users\DAII IATITUDE\AppData\Local\Programs\Python\Python39\lib\site-packages\django\db\backends\utils.py", line 67, in execute
    return self._execute_with_wrappers(
  File "C:\Users\DAII IATITUDE\AppData\Local\Programs\Python\Python39\lib\site-packages\django\db\backends\utils.py", line 80, in _execute_with_wrappers
    return executor(sql, params, many, context)
  File "C:\Users\DAII IATITUDE\AppData\Local\Programs\Python\Python39\lib\site-packages\django\db\backends\utils.py", line 89, in _execute
    return self.cursor.execute(sql, params)
  File "C:\Users\DAII IATITUDE\AppData\Local\Programs\Python\Python39\lib\site-packages\django\db\utils.py", line 91, in __exit__
    raise dj_exc_value.with_traceback(traceback) from exc_value
  File "C:\Users\DAII IATITUDE\AppData\Local\Programs\Python\Python39\lib\site-packages\django\db\backends\utils.py", line 89, in _execute
    return self.cursor.execute(sql, params)
  File "C:\Users\DAII IATITUDE\AppData\Local\Programs\Python\Python39\lib\site-packages\django\db\backends\sqlite3\base.py", line 328, in execute
    return super().execute(query, params)
django.db.utils.IntegrityError: UNIQUE constraint failed: user_user.username
2025-03-16 20:28:32,457 - ERROR - basehttp - "POST /Tuteur/creer/ HTTP/1.1" 500 170436
2025-03-16 20:28:47,881 - ERROR - log - Internal Server Error: /Tuteur/creer/
Traceback (most recent call last):
  File "C:\Users\DAII IATITUDE\AppData\Local\Programs\Python\Python39\lib\site-packages\django\db\backends\utils.py", line 89, in _execute
    return self.cursor.execute(sql, params)
  File "C:\Users\DAII IATITUDE\AppData\Local\Programs\Python\Python39\lib\site-packages\django\db\backends\sqlite3\base.py", line 328, in execute
    return super().execute(query, params)
sqlite3.IntegrityError: UNIQUE constraint failed: user_user.username

The above exception was the direct cause of the following exception:

Traceback (most recent call last):
  File "C:\Users\DAII IATITUDE\AppData\Local\Programs\Python\Python39\lib\site-packages\django\core\handlers\exception.py", line 55, in inner
    response = get_response(request)
  File "C:\Users\DAII IATITUDE\AppData\Local\Programs\Python\Python39\lib\site-packages\django\core\handlers\base.py", line 197, in _get_response
    response = wrapped_callback(request, *callback_args, **callback_kwargs)
  File "C:\Users\DAII IATITUDE\Desktop\Projet\AJCA_Project\tuteur\views.py", line 22, in tuteur_create
    form.save()
  File "C:\Users\DAII IATITUDE\AppData\Local\Programs\Python\Python39\lib\site-packages\django\forms\models.py", line 542, in save
    self.instance.save()
  File "C:\Users\DAII IATITUDE\AppData\Local\Programs\Python\Python39\lib\site-packages\django\contrib\auth\base_user.py", line 76, in save
    super().save(*args, **kwargs)
  File "C:\Users\DAII IATITUDE\AppData\Local\Programs\Python\Python39\lib\site-packages\django\db\models\base.py", line 814, in save
    self.save_base(
  File "C:\Users\DAII IATITUDE\AppData\Local\Programs\Python\Python39\lib\site-packages\django\db\models\base.py", line 876, in save_base
    parent_inserted = self._save_parents(cls, using, update_fields)
  File "C:\Users\DAII IATITUDE\AppData\Local\Programs\Python\Python39\lib\site-packages\django\db\models\base.py", line 918, in _save_parents
    updated = self._save_table(
  File "C:\Users\DAII IATITUDE\AppData\Local\Programs\Python\Python39\lib\site-packages\django\db\models\base.py", line 1020, in _save_table
    results = self._do_insert(
  File "C:\Users\DAII IATITUDE\AppData\Local\Programs\Python\Python39\lib\site-packages\django\db\models\base.py", line 1061, in _do_insert
    return manager._insert(
  File "C:\Users\DAII IATITUDE\AppData\Local\Programs\Python\Python39\lib\site-packages\django\db\models\manager.py", line 87, in manager_method
    return getattr(self.get_queryset(), name)(*args, **kwargs)
  File "C:\Users\DAII IATITUDE\AppData\Local\Programs\Python\Python39\lib\site-packages\django\db\models\query.py", line 1805, in _insert
    return query.get_compiler(using=using).execute_sql(returning_fields)
  File "C:\Users\DAII IATITUDE\AppData\Local\Programs\Python\Python39\lib\site-packages\django\db\models\sql\compiler.py", line 1822, in execute_sql
    cursor.execute(sql, params)
  File "C:\Users\DAII IATITUDE\AppData\Local\Programs\Python\Python39\lib\site-packages\django\db\backends\utils.py", line 102, in execute
    return super().execute(sql, params)
  File "C:\Users\DAII IATITUDE\AppData\Local\Programs\Python\Python39\lib\site-packages\django\db\backends\utils.py", line 67, in execute
    return self._execute_with_wrappers(
  File "C:\Users\DAII IATITUDE\AppData\Local\Programs\Python\Python39\lib\site-packages\django\db\backends\utils.py", line 80, in _execute_with_wrappers
    return executor(sql, params, many, context)
  File "C:\Users\DAII IATITUDE\AppData\Local\Programs\Python\Python39\lib\site-packages\django\db\backends\utils.py", line 89, in _execute
    return self.cursor.execute(sql, params)
  File "C:\Users\DAII IATITUDE\AppData\Local\Programs\Python\Python39\lib\site-packages\django\db\utils.py", line 91, in __exit__
    raise dj_exc_value.with_traceback(traceback) from exc_value
  File "C:\Users\DAII IATITUDE\AppData\Local\Programs\Python\Python39\lib\site-packages\django\db\backends\utils.py", line 89, in _execute
    return self.cursor.execute(sql, params)
  File "C:\Users\DAII IATITUDE\AppData\Local\Programs\Python\Python39\lib\site-packages\django\db\backends\sqlite3\base.py", line 328, in execute
    return super().execute(query, params)
django.db.utils.IntegrityError: UNIQUE constraint failed: user_user.username
2025-03-16 20:28:47,891 - ERROR - basehttp - "POST /Tuteur/creer/ HTTP/1.1" 500 170466
2025-03-16 20:29:01,949 - ERROR - log - Internal Server Error: /Tuteur/creer/
Traceback (most recent call last):
  File "C:\Users\DAII IATITUDE\AppData\Local\Programs\Python\Python39\lib\site-packages\django\db\backends\utils.py", line 89, in _execute
    return self.cursor.execute(sql, params)
  File "C:\Users\DAII IATITUDE\AppData\Local\Programs\Python\Python39\lib\site-packages\django\db\backends\sqlite3\base.py", line 328, in execute
    return super().execute(query, params)
sqlite3.IntegrityError: UNIQUE constraint failed: user_user.username

The above exception was the direct cause of the following exception:

Traceback (most recent call last):
  File "C:\Users\DAII IATITUDE\AppData\Local\Programs\Python\Python39\lib\site-packages\django\core\handlers\exception.py", line 55, in inner
    response = get_response(request)
  File "C:\Users\DAII IATITUDE\AppData\Local\Programs\Python\Python39\lib\site-packages\django\core\handlers\base.py", line 197, in _get_response
    response = wrapped_callback(request, *callback_args, **callback_kwargs)
  File "C:\Users\DAII IATITUDE\Desktop\Projet\AJCA_Project\tuteur\views.py", line 22, in tuteur_create
    form.save()
  File "C:\Users\DAII IATITUDE\AppData\Local\Programs\Python\Python39\lib\site-packages\django\forms\models.py", line 542, in save
    self.instance.save()
  File "C:\Users\DAII IATITUDE\AppData\Local\Programs\Python\Python39\lib\site-packages\django\contrib\auth\base_user.py", line 76, in save
    super().save(*args, **kwargs)
  File "C:\Users\DAII IATITUDE\AppData\Local\Programs\Python\Python39\lib\site-packages\django\db\models\base.py", line 814, in save
    self.save_base(
  File "C:\Users\DAII IATITUDE\AppData\Local\Programs\Python\Python39\lib\site-packages\django\db\models\base.py", line 876, in save_base
    parent_inserted = self._save_parents(cls, using, update_fields)
  File "C:\Users\DAII IATITUDE\AppData\Local\Programs\Python\Python39\lib\site-packages\django\db\models\base.py", line 918, in _save_parents
    updated = self._save_table(
  File "C:\Users\DAII IATITUDE\AppData\Local\Programs\Python\Python39\lib\site-packages\django\db\models\base.py", line 1020, in _save_table
    results = self._do_insert(
  File "C:\Users\DAII IATITUDE\AppData\Local\Programs\Python\Python39\lib\site-packages\django\db\models\base.py", line 1061, in _do_insert
    return manager._insert(
  File "C:\Users\DAII IATITUDE\AppData\Local\Programs\Python\Python39\lib\site-packages\django\db\models\manager.py", line 87, in manager_method
    return getattr(self.get_queryset(), name)(*args, **kwargs)
  File "C:\Users\DAII IATITUDE\AppData\Local\Programs\Python\Python39\lib\site-packages\django\db\models\query.py", line 1805, in _insert
    return query.get_compiler(using=using).execute_sql(returning_fields)
  File "C:\Users\DAII IATITUDE\AppData\Local\Programs\Python\Python39\lib\site-packages\django\db\models\sql\compiler.py", line 1822, in execute_sql
    cursor.execute(sql, params)
  File "C:\Users\DAII IATITUDE\AppData\Local\Programs\Python\Python39\lib\site-packages\django\db\backends\utils.py", line 102, in execute
    return super().execute(sql, params)
  File "C:\Users\DAII IATITUDE\AppData\Local\Programs\Python\Python39\lib\site-packages\django\db\backends\utils.py", line 67, in execute
    return self._execute_with_wrappers(
  File "C:\Users\DAII IATITUDE\AppData\Local\Programs\Python\Python39\lib\site-packages\django\db\backends\utils.py", line 80, in _execute_with_wrappers
    return executor(sql, params, many, context)
  File "C:\Users\DAII IATITUDE\AppData\Local\Programs\Python\Python39\lib\site-packages\django\db\backends\utils.py", line 89, in _execute
    return self.cursor.execute(sql, params)
  File "C:\Users\DAII IATITUDE\AppData\Local\Programs\Python\Python39\lib\site-packages\django\db\utils.py", line 91, in __exit__
    raise dj_exc_value.with_traceback(traceback) from exc_value
  File "C:\Users\DAII IATITUDE\AppData\Local\Programs\Python\Python39\lib\site-packages\django\db\backends\utils.py", line 89, in _execute
    return self.cursor.execute(sql, params)
  File "C:\Users\DAII IATITUDE\AppData\Local\Programs\Python\Python39\lib\site-packages\django\db\backends\sqlite3\base.py", line 328, in execute
    return super().execute(query, params)
django.db.utils.IntegrityError: UNIQUE constraint failed: user_user.username
2025-03-16 20:29:01,958 - ERROR - basehttp - "POST /Tuteur/creer/ HTTP/1.1" 500 170469
2025-03-16 20:29:05,698 - INFO - basehttp - "GET /Tuteur/creer/ HTTP/1.1" 200 12577
2025-03-16 20:29:10,700 - INFO - basehttp - "GET /Tuteur/creer/ HTTP/1.1" 200 12577
2025-03-16 20:29:55,753 - ERROR - log - Internal Server Error: /Tuteur/creer/
Traceback (most recent call last):
  File "C:\Users\DAII IATITUDE\AppData\Local\Programs\Python\Python39\lib\site-packages\django\db\backends\utils.py", line 89, in _execute
    return self.cursor.execute(sql, params)
  File "C:\Users\DAII IATITUDE\AppData\Local\Programs\Python\Python39\lib\site-packages\django\db\backends\sqlite3\base.py", line 328, in execute
    return super().execute(query, params)
sqlite3.IntegrityError: UNIQUE constraint failed: user_user.username

The above exception was the direct cause of the following exception:

Traceback (most recent call last):
  File "C:\Users\DAII IATITUDE\AppData\Local\Programs\Python\Python39\lib\site-packages\django\core\handlers\exception.py", line 55, in inner
    response = get_response(request)
  File "C:\Users\DAII IATITUDE\AppData\Local\Programs\Python\Python39\lib\site-packages\django\core\handlers\base.py", line 197, in _get_response
    response = wrapped_callback(request, *callback_args, **callback_kwargs)
  File "C:\Users\DAII IATITUDE\Desktop\Projet\AJCA_Project\tuteur\views.py", line 22, in tuteur_create
    form.save()
  File "C:\Users\DAII IATITUDE\AppData\Local\Programs\Python\Python39\lib\site-packages\django\forms\models.py", line 542, in save
    self.instance.save()
  File "C:\Users\DAII IATITUDE\AppData\Local\Programs\Python\Python39\lib\site-packages\django\contrib\auth\base_user.py", line 76, in save
    super().save(*args, **kwargs)
  File "C:\Users\DAII IATITUDE\AppData\Local\Programs\Python\Python39\lib\site-packages\django\db\models\base.py", line 814, in save
    self.save_base(
  File "C:\Users\DAII IATITUDE\AppData\Local\Programs\Python\Python39\lib\site-packages\django\db\models\base.py", line 876, in save_base
    parent_inserted = self._save_parents(cls, using, update_fields)
  File "C:\Users\DAII IATITUDE\AppData\Local\Programs\Python\Python39\lib\site-packages\django\db\models\base.py", line 918, in _save_parents
    updated = self._save_table(
  File "C:\Users\DAII IATITUDE\AppData\Local\Programs\Python\Python39\lib\site-packages\django\db\models\base.py", line 1020, in _save_table
    results = self._do_insert(
  File "C:\Users\DAII IATITUDE\AppData\Local\Programs\Python\Python39\lib\site-packages\django\db\models\base.py", line 1061, in _do_insert
    return manager._insert(
  File "C:\Users\DAII IATITUDE\AppData\Local\Programs\Python\Python39\lib\site-packages\django\db\models\manager.py", line 87, in manager_method
    return getattr(self.get_queryset(), name)(*args, **kwargs)
  File "C:\Users\DAII IATITUDE\AppData\Local\Programs\Python\Python39\lib\site-packages\django\db\models\query.py", line 1805, in _insert
    return query.get_compiler(using=using).execute_sql(returning_fields)
  File "C:\Users\DAII IATITUDE\AppData\Local\Programs\Python\Python39\lib\site-packages\django\db\models\sql\compiler.py", line 1822, in execute_sql
    cursor.execute(sql, params)
  File "C:\Users\DAII IATITUDE\AppData\Local\Programs\Python\Python39\lib\site-packages\django\db\backends\utils.py", line 102, in execute
    return super().execute(sql, params)
  File "C:\Users\DAII IATITUDE\AppData\Local\Programs\Python\Python39\lib\site-packages\django\db\backends\utils.py", line 67, in execute
    return self._execute_with_wrappers(
  File "C:\Users\DAII IATITUDE\AppData\Local\Programs\Python\Python39\lib\site-packages\django\db\backends\utils.py", line 80, in _execute_with_wrappers
    return executor(sql, params, many, context)
  File "C:\Users\DAII IATITUDE\AppData\Local\Programs\Python\Python39\lib\site-packages\django\db\backends\utils.py", line 89, in _execute
    return self.cursor.execute(sql, params)
  File "C:\Users\DAII IATITUDE\AppData\Local\Programs\Python\Python39\lib\site-packages\django\db\utils.py", line 91, in __exit__
    raise dj_exc_value.with_traceback(traceback) from exc_value
  File "C:\Users\DAII IATITUDE\AppData\Local\Programs\Python\Python39\lib\site-packages\django\db\backends\utils.py", line 89, in _execute
    return self.cursor.execute(sql, params)
  File "C:\Users\DAII IATITUDE\AppData\Local\Programs\Python\Python39\lib\site-packages\django\db\backends\sqlite3\base.py", line 328, in execute
    return super().execute(query, params)
django.db.utils.IntegrityError: UNIQUE constraint failed: user_user.username
2025-03-16 20:29:55,759 - ERROR - basehttp - "POST /Tuteur/creer/ HTTP/1.1" 500 170635
2025-03-16 20:31:09,150 - INFO - basehttp - "GET /admin/Activation/activation/ HTTP/1.1" 200 11380
2025-03-16 20:39:01,410 - INFO - basehttp - "GET /Tuteur/creer/ HTTP/1.1" 200 12577
2025-03-16 20:40:06,110 - ERROR - log - Internal Server Error: /Tuteur/creer/
Traceback (most recent call last):
  File "C:\Users\DAII IATITUDE\AppData\Local\Programs\Python\Python39\lib\site-packages\django\db\backends\utils.py", line 89, in _execute
    return self.cursor.execute(sql, params)
  File "C:\Users\DAII IATITUDE\AppData\Local\Programs\Python\Python39\lib\site-packages\django\db\backends\sqlite3\base.py", line 328, in execute
    return super().execute(query, params)
sqlite3.IntegrityError: UNIQUE constraint failed: user_user.username

The above exception was the direct cause of the following exception:

Traceback (most recent call last):
  File "C:\Users\DAII IATITUDE\AppData\Local\Programs\Python\Python39\lib\site-packages\django\core\handlers\exception.py", line 55, in inner
    response = get_response(request)
  File "C:\Users\DAII IATITUDE\AppData\Local\Programs\Python\Python39\lib\site-packages\django\core\handlers\base.py", line 197, in _get_response
    response = wrapped_callback(request, *callback_args, **callback_kwargs)
  File "C:\Users\DAII IATITUDE\Desktop\Projet\AJCA_Project\tuteur\views.py", line 22, in tuteur_create
    form.save()
  File "C:\Users\DAII IATITUDE\AppData\Local\Programs\Python\Python39\lib\site-packages\django\forms\models.py", line 542, in save
    self.instance.save()
  File "C:\Users\DAII IATITUDE\AppData\Local\Programs\Python\Python39\lib\site-packages\django\contrib\auth\base_user.py", line 76, in save
    super().save(*args, **kwargs)
  File "C:\Users\DAII IATITUDE\AppData\Local\Programs\Python\Python39\lib\site-packages\django\db\models\base.py", line 814, in save
    self.save_base(
  File "C:\Users\DAII IATITUDE\AppData\Local\Programs\Python\Python39\lib\site-packages\django\db\models\base.py", line 876, in save_base
    parent_inserted = self._save_parents(cls, using, update_fields)
  File "C:\Users\DAII IATITUDE\AppData\Local\Programs\Python\Python39\lib\site-packages\django\db\models\base.py", line 918, in _save_parents
    updated = self._save_table(
  File "C:\Users\DAII IATITUDE\AppData\Local\Programs\Python\Python39\lib\site-packages\django\db\models\base.py", line 1020, in _save_table
    results = self._do_insert(
  File "C:\Users\DAII IATITUDE\AppData\Local\Programs\Python\Python39\lib\site-packages\django\db\models\base.py", line 1061, in _do_insert
    return manager._insert(
  File "C:\Users\DAII IATITUDE\AppData\Local\Programs\Python\Python39\lib\site-packages\django\db\models\manager.py", line 87, in manager_method
    return getattr(self.get_queryset(), name)(*args, **kwargs)
  File "C:\Users\DAII IATITUDE\AppData\Local\Programs\Python\Python39\lib\site-packages\django\db\models\query.py", line 1805, in _insert
    return query.get_compiler(using=using).execute_sql(returning_fields)
  File "C:\Users\DAII IATITUDE\AppData\Local\Programs\Python\Python39\lib\site-packages\django\db\models\sql\compiler.py", line 1822, in execute_sql
    cursor.execute(sql, params)
  File "C:\Users\DAII IATITUDE\AppData\Local\Programs\Python\Python39\lib\site-packages\django\db\backends\utils.py", line 102, in execute
    return super().execute(sql, params)
  File "C:\Users\DAII IATITUDE\AppData\Local\Programs\Python\Python39\lib\site-packages\django\db\backends\utils.py", line 67, in execute
    return self._execute_with_wrappers(
  File "C:\Users\DAII IATITUDE\AppData\Local\Programs\Python\Python39\lib\site-packages\django\db\backends\utils.py", line 80, in _execute_with_wrappers
    return executor(sql, params, many, context)
  File "C:\Users\DAII IATITUDE\AppData\Local\Programs\Python\Python39\lib\site-packages\django\db\backends\utils.py", line 89, in _execute
    return self.cursor.execute(sql, params)
  File "C:\Users\DAII IATITUDE\AppData\Local\Programs\Python\Python39\lib\site-packages\django\db\utils.py", line 91, in __exit__
    raise dj_exc_value.with_traceback(traceback) from exc_value
  File "C:\Users\DAII IATITUDE\AppData\Local\Programs\Python\Python39\lib\site-packages\django\db\backends\utils.py", line 89, in _execute
    return self.cursor.execute(sql, params)
  File "C:\Users\DAII IATITUDE\AppData\Local\Programs\Python\Python39\lib\site-packages\django\db\backends\sqlite3\base.py", line 328, in execute
    return super().execute(query, params)
django.db.utils.IntegrityError: UNIQUE constraint failed: user_user.username
2025-03-16 20:40:06,114 - ERROR - basehttp - "POST /Tuteur/creer/ HTTP/1.1" 500 170377
2025-03-16 20:44:04,316 - ERROR - log - Internal Server Error: /Tuteur/creer/
Traceback (most recent call last):
  File "C:\Users\DAII IATITUDE\AppData\Local\Programs\Python\Python39\lib\site-packages\django\db\backends\utils.py", line 89, in _execute
    return self.cursor.execute(sql, params)
  File "C:\Users\DAII IATITUDE\AppData\Local\Programs\Python\Python39\lib\site-packages\django\db\backends\sqlite3\base.py", line 328, in execute
    return super().execute(query, params)
sqlite3.IntegrityError: UNIQUE constraint failed: user_user.username

The above exception was the direct cause of the following exception:

Traceback (most recent call last):
  File "C:\Users\DAII IATITUDE\AppData\Local\Programs\Python\Python39\lib\site-packages\django\core\handlers\exception.py", line 55, in inner
    response = get_response(request)
  File "C:\Users\DAII IATITUDE\AppData\Local\Programs\Python\Python39\lib\site-packages\django\core\handlers\base.py", line 197, in _get_response
    response = wrapped_callback(request, *callback_args, **callback_kwargs)
  File "C:\Users\DAII IATITUDE\Desktop\Projet\AJCA_Project\tuteur\views.py", line 22, in tuteur_create
    form.save()
  File "C:\Users\DAII IATITUDE\AppData\Local\Programs\Python\Python39\lib\site-packages\django\forms\models.py", line 542, in save
    self.instance.save()
  File "C:\Users\DAII IATITUDE\AppData\Local\Programs\Python\Python39\lib\site-packages\django\contrib\auth\base_user.py", line 76, in save
    super().save(*args, **kwargs)
  File "C:\Users\DAII IATITUDE\AppData\Local\Programs\Python\Python39\lib\site-packages\django\db\models\base.py", line 814, in save
    self.save_base(
  File "C:\Users\DAII IATITUDE\AppData\Local\Programs\Python\Python39\lib\site-packages\django\db\models\base.py", line 876, in save_base
    parent_inserted = self._save_parents(cls, using, update_fields)
  File "C:\Users\DAII IATITUDE\AppData\Local\Programs\Python\Python39\lib\site-packages\django\db\models\base.py", line 918, in _save_parents
    updated = self._save_table(
  File "C:\Users\DAII IATITUDE\AppData\Local\Programs\Python\Python39\lib\site-packages\django\db\models\base.py", line 1020, in _save_table
    results = self._do_insert(
  File "C:\Users\DAII IATITUDE\AppData\Local\Programs\Python\Python39\lib\site-packages\django\db\models\base.py", line 1061, in _do_insert
    return manager._insert(
  File "C:\Users\DAII IATITUDE\AppData\Local\Programs\Python\Python39\lib\site-packages\django\db\models\manager.py", line 87, in manager_method
    return getattr(self.get_queryset(), name)(*args, **kwargs)
  File "C:\Users\DAII IATITUDE\AppData\Local\Programs\Python\Python39\lib\site-packages\django\db\models\query.py", line 1805, in _insert
    return query.get_compiler(using=using).execute_sql(returning_fields)
  File "C:\Users\DAII IATITUDE\AppData\Local\Programs\Python\Python39\lib\site-packages\django\db\models\sql\compiler.py", line 1822, in execute_sql
    cursor.execute(sql, params)
  File "C:\Users\DAII IATITUDE\AppData\Local\Programs\Python\Python39\lib\site-packages\django\db\backends\utils.py", line 102, in execute
    return super().execute(sql, params)
  File "C:\Users\DAII IATITUDE\AppData\Local\Programs\Python\Python39\lib\site-packages\django\db\backends\utils.py", line 67, in execute
    return self._execute_with_wrappers(
  File "C:\Users\DAII IATITUDE\AppData\Local\Programs\Python\Python39\lib\site-packages\django\db\backends\utils.py", line 80, in _execute_with_wrappers
    return executor(sql, params, many, context)
  File "C:\Users\DAII IATITUDE\AppData\Local\Programs\Python\Python39\lib\site-packages\django\db\backends\utils.py", line 89, in _execute
    return self.cursor.execute(sql, params)
  File "C:\Users\DAII IATITUDE\AppData\Local\Programs\Python\Python39\lib\site-packages\django\db\utils.py", line 91, in __exit__
    raise dj_exc_value.with_traceback(traceback) from exc_value
  File "C:\Users\DAII IATITUDE\AppData\Local\Programs\Python\Python39\lib\site-packages\django\db\backends\utils.py", line 89, in _execute
    return self.cursor.execute(sql, params)
  File "C:\Users\DAII IATITUDE\AppData\Local\Programs\Python\Python39\lib\site-packages\django\db\backends\sqlite3\base.py", line 328, in execute
    return super().execute(query, params)
django.db.utils.IntegrityError: UNIQUE constraint failed: user_user.username
2025-03-16 20:44:04,322 - ERROR - basehttp - "POST /Tuteur/creer/ HTTP/1.1" 500 170449
2025-03-16 20:46:09,397 - ERROR - log - Internal Server Error: /Tuteur/creer/
Traceback (most recent call last):
  File "C:\Users\DAII IATITUDE\AppData\Local\Programs\Python\Python39\lib\site-packages\django\db\backends\utils.py", line 89, in _execute
    return self.cursor.execute(sql, params)
  File "C:\Users\DAII IATITUDE\AppData\Local\Programs\Python\Python39\lib\site-packages\django\db\backends\sqlite3\base.py", line 328, in execute
    return super().execute(query, params)
sqlite3.IntegrityError: UNIQUE constraint failed: user_user.username

The above exception was the direct cause of the following exception:

Traceback (most recent call last):
  File "C:\Users\DAII IATITUDE\AppData\Local\Programs\Python\Python39\lib\site-packages\django\core\handlers\exception.py", line 55, in inner
    response = get_response(request)
  File "C:\Users\DAII IATITUDE\AppData\Local\Programs\Python\Python39\lib\site-packages\django\core\handlers\base.py", line 197, in _get_response
    response = wrapped_callback(request, *callback_args, **callback_kwargs)
  File "C:\Users\DAII IATITUDE\Desktop\Projet\AJCA_Project\tuteur\views.py", line 22, in tuteur_create
    form.save()
  File "C:\Users\DAII IATITUDE\AppData\Local\Programs\Python\Python39\lib\site-packages\django\forms\models.py", line 542, in save
    self.instance.save()
  File "C:\Users\DAII IATITUDE\AppData\Local\Programs\Python\Python39\lib\site-packages\django\contrib\auth\base_user.py", line 76, in save
    super().save(*args, **kwargs)
  File "C:\Users\DAII IATITUDE\AppData\Local\Programs\Python\Python39\lib\site-packages\django\db\models\base.py", line 814, in save
    self.save_base(
  File "C:\Users\DAII IATITUDE\AppData\Local\Programs\Python\Python39\lib\site-packages\django\db\models\base.py", line 876, in save_base
    parent_inserted = self._save_parents(cls, using, update_fields)
  File "C:\Users\DAII IATITUDE\AppData\Local\Programs\Python\Python39\lib\site-packages\django\db\models\base.py", line 918, in _save_parents
    updated = self._save_table(
  File "C:\Users\DAII IATITUDE\AppData\Local\Programs\Python\Python39\lib\site-packages\django\db\models\base.py", line 1020, in _save_table
    results = self._do_insert(
  File "C:\Users\DAII IATITUDE\AppData\Local\Programs\Python\Python39\lib\site-packages\django\db\models\base.py", line 1061, in _do_insert
    return manager._insert(
  File "C:\Users\DAII IATITUDE\AppData\Local\Programs\Python\Python39\lib\site-packages\django\db\models\manager.py", line 87, in manager_method
    return getattr(self.get_queryset(), name)(*args, **kwargs)
  File "C:\Users\DAII IATITUDE\AppData\Local\Programs\Python\Python39\lib\site-packages\django\db\models\query.py", line 1805, in _insert
    return query.get_compiler(using=using).execute_sql(returning_fields)
  File "C:\Users\DAII IATITUDE\AppData\Local\Programs\Python\Python39\lib\site-packages\django\db\models\sql\compiler.py", line 1822, in execute_sql
    cursor.execute(sql, params)
  File "C:\Users\DAII IATITUDE\AppData\Local\Programs\Python\Python39\lib\site-packages\django\db\backends\utils.py", line 102, in execute
    return super().execute(sql, params)
  File "C:\Users\DAII IATITUDE\AppData\Local\Programs\Python\Python39\lib\site-packages\django\db\backends\utils.py", line 67, in execute
    return self._execute_with_wrappers(
  File "C:\Users\DAII IATITUDE\AppData\Local\Programs\Python\Python39\lib\site-packages\django\db\backends\utils.py", line 80, in _execute_with_wrappers
    return executor(sql, params, many, context)
  File "C:\Users\DAII IATITUDE\AppData\Local\Programs\Python\Python39\lib\site-packages\django\db\backends\utils.py", line 89, in _execute
    return self.cursor.execute(sql, params)
  File "C:\Users\DAII IATITUDE\AppData\Local\Programs\Python\Python39\lib\site-packages\django\db\utils.py", line 91, in __exit__
    raise dj_exc_value.with_traceback(traceback) from exc_value
  File "C:\Users\DAII IATITUDE\AppData\Local\Programs\Python\Python39\lib\site-packages\django\db\backends\utils.py", line 89, in _execute
    return self.cursor.execute(sql, params)
  File "C:\Users\DAII IATITUDE\AppData\Local\Programs\Python\Python39\lib\site-packages\django\db\backends\sqlite3\base.py", line 328, in execute
    return super().execute(query, params)
django.db.utils.IntegrityError: UNIQUE constraint failed: user_user.username
2025-03-16 20:46:09,402 - ERROR - basehttp - "POST /Tuteur/creer/ HTTP/1.1" 500 170449
2025-03-16 21:03:10,261 - INFO - autoreload - C:\Users\DAII IATITUDE\Desktop\Projet\AJCA_Project\user\models.py changed, reloading.
2025-03-16 21:03:13,090 - INFO - autoreload - Watching for file changes with StatReloader
2025-03-16 21:08:19,703 - INFO - autoreload - C:\Users\DAII IATITUDE\Desktop\Projet\AJCA_Project\user\models.py changed, reloading.
2025-03-16 21:08:21,061 - INFO - autoreload - Watching for file changes with StatReloader
2025-03-16 21:10:44,543 - INFO - autoreload - Watching for file changes with StatReloader
2025-03-16 21:10:51,760 - INFO - basehttp - "POST /Tuteur/creer/ HTTP/1.1" 302 0
2025-03-16 21:10:51,829 - INFO - basehttp - "GET /Tuteur/ HTTP/1.1" 200 8961
2025-03-16 21:11:40,257 - INFO - basehttp - "GET /Tuteur/creer/ HTTP/1.1" 200 12577
2025-03-16 21:11:44,785 - INFO - basehttp - "GET /Adherent/ HTTP/1.1" 200 9186
2025-03-16 21:11:48,234 - INFO - basehttp - "GET /Adherent/ HTTP/1.1" 200 9186
2025-03-16 21:11:50,159 - INFO - basehttp - "GET /Tuteur/ HTTP/1.1" 200 8961
2025-03-16 21:11:55,342 - INFO - basehttp - "GET /Tuteur/2/modifier/ HTTP/1.1" 200 12060
2025-03-16 21:12:01,017 - INFO - basehttp - "GET /Adherent/ HTTP/1.1" 200 9186
2025-03-16 21:12:02,787 - INFO - basehttp - "GET /Adherent/1/modifier/ HTTP/1.1" 200 12222
2025-03-16 21:12:08,152 - ERROR - log - Internal Server Error: /Adherent/1/modifier/
Traceback (most recent call last):
  File "C:\Users\DAII IATITUDE\AppData\Local\Programs\Python\Python39\lib\site-packages\django\core\handlers\exception.py", line 55, in inner
    response = get_response(request)
  File "C:\Users\DAII IATITUDE\AppData\Local\Programs\Python\Python39\lib\site-packages\django\core\handlers\base.py", line 197, in _get_response
    response = wrapped_callback(request, *callback_args, **callback_kwargs)
  File "C:\Users\DAII IATITUDE\Desktop\Projet\AJCA_Project\Adherent\views.py", line 33, in modifier_adherent
    form.save()
  File "C:\Users\DAII IATITUDE\AppData\Local\Programs\Python\Python39\lib\site-packages\django\forms\models.py", line 542, in save
    self.instance.save()
  File "C:\Users\DAII IATITUDE\Desktop\Projet\AJCA_Project\user\models.py", line 55, in save
    raise ValidationError(f"Un utilisateur avec le mme prnom et nom existe dj.")
django.core.exceptions.ValidationError: ['Un utilisateur avec le mme prnom et nom existe dj.']
2025-03-16 21:12:08,156 - ERROR - basehttp - "POST /Adherent/1/modifier/ HTTP/1.1" 500 74709
2025-03-16 21:12:45,418 - ERROR - log - Internal Server Error: /Adherent/1/modifier/
Traceback (most recent call last):
  File "C:\Users\DAII IATITUDE\AppData\Local\Programs\Python\Python39\lib\site-packages\django\core\handlers\exception.py", line 55, in inner
    response = get_response(request)
  File "C:\Users\DAII IATITUDE\AppData\Local\Programs\Python\Python39\lib\site-packages\django\core\handlers\base.py", line 197, in _get_response
    response = wrapped_callback(request, *callback_args, **callback_kwargs)
  File "C:\Users\DAII IATITUDE\Desktop\Projet\AJCA_Project\Adherent\views.py", line 33, in modifier_adherent
    form.save()
  File "C:\Users\DAII IATITUDE\AppData\Local\Programs\Python\Python39\lib\site-packages\django\forms\models.py", line 542, in save
    self.instance.save()
  File "C:\Users\DAII IATITUDE\Desktop\Projet\AJCA_Project\user\models.py", line 55, in save
    raise ValidationError(f"Un utilisateur avec le mme prnom et nom existe dj.")
django.core.exceptions.ValidationError: ['Un utilisateur avec le mme prnom et nom existe dj.']
2025-03-16 21:12:45,420 - ERROR - basehttp - "POST /Adherent/1/modifier/ HTTP/1.1" 500 74709
2025-03-16 21:16:08,923 - ERROR - log - Internal Server Error: /Adherent/1/modifier/
Traceback (most recent call last):
  File "C:\Users\DAII IATITUDE\AppData\Local\Programs\Python\Python39\lib\site-packages\django\core\handlers\exception.py", line 55, in inner
    response = get_response(request)
  File "C:\Users\DAII IATITUDE\AppData\Local\Programs\Python\Python39\lib\site-packages\django\core\handlers\base.py", line 197, in _get_response
    response = wrapped_callback(request, *callback_args, **callback_kwargs)
  File "C:\Users\DAII IATITUDE\Desktop\Projet\AJCA_Project\Adherent\views.py", line 33, in modifier_adherent
    form.save()
  File "C:\Users\DAII IATITUDE\AppData\Local\Programs\Python\Python39\lib\site-packages\django\forms\models.py", line 542, in save
    self.instance.save()
  File "C:\Users\DAII IATITUDE\Desktop\Projet\AJCA_Project\user\models.py", line 55, in save
    raise ValidationError(f"Un utilisateur avec le mme prnom et nom existe dj.")
django.core.exceptions.ValidationError: ['Un utilisateur avec le mme prnom et nom existe dj.']
2025-03-16 21:16:08,927 - ERROR - basehttp - "POST /Adherent/1/modifier/ HTTP/1.1" 500 74709
2025-03-16 21:16:49,034 - INFO - autoreload - C:\Users\DAII IATITUDE\Desktop\Projet\AJCA_Project\user\models.py changed, reloading.
2025-03-16 21:16:50,837 - INFO - autoreload - Watching for file changes with StatReloader
2025-03-16 21:18:42,551 - INFO - autoreload - C:\Users\DAII IATITUDE\Desktop\Projet\AJCA_Project\tuteur\forms.py changed, reloading.
2025-03-16 21:18:44,161 - INFO - autoreload - Watching for file changes with StatReloader
2025-03-16 21:19:37,432 - INFO - autoreload - C:\Users\DAII IATITUDE\Desktop\Projet\AJCA_Project\tuteur\forms.py changed, reloading.
2025-03-16 21:19:39,076 - INFO - autoreload - Watching for file changes with StatReloader
2025-03-16 21:21:01,757 - INFO - autoreload - C:\Users\DAII IATITUDE\Desktop\Projet\AJCA_Project\Adherent\forms.py changed, reloading.
2025-03-16 21:21:03,154 - INFO - autoreload - Watching for file changes with StatReloader
2025-03-16 21:21:38,712 - INFO - autoreload - C:\Users\DAII IATITUDE\Desktop\Projet\AJCA_Project\Adherent\forms.py changed, reloading.
2025-03-16 21:21:40,167 - INFO - autoreload - Watching for file changes with StatReloader
2025-03-16 21:22:06,279 - INFO - autoreload - C:\Users\DAII IATITUDE\Desktop\Projet\AJCA_Project\Adherent\forms.py changed, reloading.
2025-03-16 21:22:08,233 - INFO - autoreload - Watching for file changes with StatReloader
2025-03-16 21:22:26,070 - ERROR - log - Internal Server Error: /Adherent/1/modifier/
Traceback (most recent call last):
  File "C:\Users\DAII IATITUDE\AppData\Local\Programs\Python\Python39\lib\site-packages\django\core\handlers\exception.py", line 55, in inner
    response = get_response(request)
  File "C:\Users\DAII IATITUDE\AppData\Local\Programs\Python\Python39\lib\site-packages\django\core\handlers\base.py", line 197, in _get_response
    response = wrapped_callback(request, *callback_args, **callback_kwargs)
  File "C:\Users\DAII IATITUDE\Desktop\Projet\AJCA_Project\Adherent\views.py", line 33, in modifier_adherent
    form.save()
  File "C:\Users\DAII IATITUDE\Desktop\Projet\AJCA_Project\Adherent\forms.py", line 43, in save
    raise ValidationError(f"Un tuteur avec le mme prnom et nom existe dj.")
django.core.exceptions.ValidationError: ['Un tuteur avec le mme prnom et nom existe dj.']
2025-03-16 21:22:26,076 - ERROR - basehttp - "POST /Adherent/1/modifier/ HTTP/1.1" 500 71589
2025-03-16 21:22:33,160 - ERROR - log - Internal Server Error: /Adherent/1/modifier/
Traceback (most recent call last):
  File "C:\Users\DAII IATITUDE\AppData\Local\Programs\Python\Python39\lib\site-packages\django\core\handlers\exception.py", line 55, in inner
    response = get_response(request)
  File "C:\Users\DAII IATITUDE\AppData\Local\Programs\Python\Python39\lib\site-packages\django\core\handlers\base.py", line 197, in _get_response
    response = wrapped_callback(request, *callback_args, **callback_kwargs)
  File "C:\Users\DAII IATITUDE\Desktop\Projet\AJCA_Project\Adherent\views.py", line 33, in modifier_adherent
    form.save()
  File "C:\Users\DAII IATITUDE\Desktop\Projet\AJCA_Project\Adherent\forms.py", line 43, in save
    raise ValidationError(f"Un tuteur avec le mme prnom et nom existe dj.")
django.core.exceptions.ValidationError: ['Un tuteur avec le mme prnom et nom existe dj.']
2025-03-16 21:22:33,162 - ERROR - basehttp - "POST /Adherent/1/modifier/ HTTP/1.1" 500 71589
2025-03-16 21:24:13,148 - INFO - autoreload - C:\Users\DAII IATITUDE\Desktop\Projet\AJCA_Project\tuteur\forms.py changed, reloading.
2025-03-16 21:24:14,823 - INFO - autoreload - Watching for file changes with StatReloader
2025-03-16 21:25:21,360 - INFO - autoreload - Watching for file changes with StatReloader
2025-03-16 21:25:27,738 - INFO - basehttp - "GET /admin/Activation/activation/ HTTP/1.1" 302 0
2025-03-16 21:25:27,903 - INFO - basehttp - "GET /admin/login/?next=/admin/Activation/activation/ HTTP/1.1" 200 4225
2025-03-16 21:25:31,376 - INFO - basehttp - "POST /admin/login/?next=/admin/Activation/activation/ HTTP/1.1" 200 4387
2025-03-16 21:25:31,443 - INFO - basehttp - "GET /static/admin/css/base.css HTTP/1.1" 304 0
2025-03-16 21:25:31,454 - INFO - basehttp - "GET /static/admin/css/dark_mode.css HTTP/1.1" 304 0
2025-03-16 21:25:31,455 - INFO - basehttp - "GET /static/admin/css/nav_sidebar.css HTTP/1.1" 304 0
2025-03-16 21:25:31,458 - INFO - basehttp - "GET /static/admin/css/login.css HTTP/1.1" 304 0
2025-03-16 21:25:31,472 - INFO - basehttp - "GET /static/admin/js/nav_sidebar.js HTTP/1.1" 304 0
2025-03-16 21:25:31,473 - INFO - basehttp - "GET /static/admin/css/responsive.css HTTP/1.1" 304 0
2025-03-16 21:25:31,477 - INFO - basehttp - "GET /static/admin/js/theme.js HTTP/1.1" 304 0
2025-03-16 21:26:22,648 - INFO - autoreload - Watching for file changes with StatReloader
2025-03-16 21:26:40,019 - INFO - basehttp - "POST /admin/login/?next=/admin/Activation/activation/ HTTP/1.1" 302 0
2025-03-16 21:26:40,180 - INFO - basehttp - "GET /admin/Activation/activation/ HTTP/1.1" 200 9747
2025-03-16 21:26:40,276 - INFO - basehttp - "GET /static/admin/css/changelists.css HTTP/1.1" 304 0
2025-03-16 21:26:40,292 - INFO - basehttp - "GET /static/admin/js/actions.js HTTP/1.1" 304 0
2025-03-16 21:26:40,296 - INFO - basehttp - "GET /static/admin/js/vendor/jquery/jquery.js HTTP/1.1" 304 0
2025-03-16 21:26:40,309 - INFO - basehttp - "GET /static/admin/js/admin/RelatedObjectLookups.js HTTP/1.1" 304 0
2025-03-16 21:26:40,310 - INFO - basehttp - "GET /static/admin/js/core.js HTTP/1.1" 304 0
2025-03-16 21:26:40,315 - INFO - basehttp - "GET /admin/jsi18n/ HTTP/1.1" 200 3343
2025-03-16 21:26:40,324 - INFO - basehttp - "GET /static/admin/js/prepopulate.js HTTP/1.1" 304 0
2025-03-16 21:26:40,315 - INFO - basehttp - "GET /static/admin/js/urlify.js HTTP/1.1" 304 0
2025-03-16 21:26:40,327 - INFO - basehttp - "GET /static/admin/js/jquery.init.js HTTP/1.1" 304 0
2025-03-16 21:26:40,332 - INFO - basehttp - "GET /static/admin/js/vendor/xregexp/xregexp.js HTTP/1.1" 304 0
2025-03-16 21:26:40,377 - INFO - basehttp - "GET /static/admin/js/filters.js HTTP/1.1" 304 0
2025-03-16 21:26:40,397 - INFO - basehttp - "GET /static/admin/img/tooltag-add.svg HTTP/1.1" 304 0
2025-03-16 21:26:43,178 - INFO - basehttp - "GET /admin/Activation/activation/add/ HTTP/1.1" 200 11315
2025-03-16 21:26:43,264 - INFO - basehttp - "GET /static/admin/css/forms.css HTTP/1.1" 304 0
2025-03-16 21:26:43,287 - INFO - basehttp - "GET /admin/jsi18n/ HTTP/1.1" 200 3343
2025-03-16 21:26:43,290 - INFO - basehttp - "GET /static/admin/css/widgets.css HTTP/1.1" 304 0
2025-03-16 21:26:43,294 - INFO - basehttp - "GET /static/admin/js/admin/DateTimeShortcuts.js HTTP/1.1" 304 0
2025-03-16 21:26:43,298 - INFO - basehttp - "GET /static/admin/js/calendar.js HTTP/1.1" 304 0
2025-03-16 21:26:43,299 - INFO - basehttp - "GET /static/admin/js/prepopulate_init.js HTTP/1.1" 304 0
2025-03-16 21:26:43,333 - INFO - basehttp - "GET /static/admin/js/change_form.js HTTP/1.1" 304 0
2025-03-16 21:26:43,453 - INFO - basehttp - "GET /static/admin/img/icon-clock.svg HTTP/1.1" 304 0
2025-03-16 21:26:43,455 - INFO - basehttp - "GET /static/admin/img/icon-calendar.svg HTTP/1.1" 304 0
2025-03-16 21:26:45,561 - INFO - basehttp - "GET /static/admin/img/calendar-icons.svg HTTP/1.1" 304 0
2025-03-16 21:27:16,351 - INFO - basehttp - "POST /admin/Activation/activation/add/ HTTP/1.1" 302 0
2025-03-16 21:27:16,412 - INFO - basehttp - "GET /admin/Activation/activation/ HTTP/1.1" 200 11682
2025-03-16 21:27:16,533 - INFO - basehttp - "GET /admin/jsi18n/ HTTP/1.1" 200 3343
2025-03-16 21:27:16,650 - INFO - basehttp - "GET /static/admin/img/icon-yes.svg HTTP/1.1" 304 0
2025-03-16 21:27:26,832 - INFO - basehttp - "GET /admin/Activation/activation/1/change/ HTTP/1.1" 200 11871
2025-03-16 21:27:26,930 - INFO - basehttp - "GET /admin/jsi18n/ HTTP/1.1" 200 3343
2025-03-16 21:27:44,085 - WARNING - log - Forbidden (CSRF token from POST incorrect.): /Adherent/1/modifier/
2025-03-16 21:27:44,086 - WARNING - basehttp - "POST /Adherent/1/modifier/ HTTP/1.1" 403 2518
2025-03-16 21:27:46,445 - WARNING - log - Not Found: /Adherent/1/modifier/
2025-03-16 21:27:46,448 - WARNING - basehttp - "GET /Adherent/1/modifier/ HTTP/1.1" 404 3271
2025-03-16 21:28:33,305 - INFO - basehttp - "GET / HTTP/1.1" 200 12909
2025-03-16 21:28:45,054 - INFO - basehttp - "GET /Tuteur/ HTTP/1.1" 200 8187
2025-03-16 21:28:46,624 - INFO - basehttp - "GET /Tuteur/creer/ HTTP/1.1" 200 12577
2025-03-16 21:29:10,719 - INFO - basehttp - "POST /Tuteur/creer/ HTTP/1.1" 302 0
2025-03-16 21:29:10,738 - INFO - basehttp - "GET /Tuteur/ HTTP/1.1" 200 8966
2025-03-16 21:29:13,896 - ERROR - log - Internal Server Error: /Tuteur/1/
Traceback (most recent call last):
  File "C:\Users\DAII IATITUDE\AppData\Local\Programs\Python\Python39\lib\site-packages\django\core\handlers\exception.py", line 55, in inner
    response = get_response(request)
  File "C:\Users\DAII IATITUDE\AppData\Local\Programs\Python\Python39\lib\site-packages\django\core\handlers\base.py", line 197, in _get_response
    response = wrapped_callback(request, *callback_args, **callback_kwargs)
  File "C:\Users\DAII IATITUDE\Desktop\Projet\AJCA_Project\tuteur\views.py", line 32, in tuteur_detail
    return render(request, 'Tuteur/tuteur_detail.html', {'tuteur': tuteur})
  File "C:\Users\DAII IATITUDE\AppData\Local\Programs\Python\Python39\lib\site-packages\django\shortcuts.py", line 24, in render
    content = loader.render_to_string(template_name, context, request, using=using)
  File "C:\Users\DAII IATITUDE\AppData\Local\Programs\Python\Python39\lib\site-packages\django\template\loader.py", line 62, in render_to_string
    return template.render(context, request)
  File "C:\Users\DAII IATITUDE\AppData\Local\Programs\Python\Python39\lib\site-packages\django\template\backends\django.py", line 61, in render
    return self.template.render(context)
  File "C:\Users\DAII IATITUDE\AppData\Local\Programs\Python\Python39\lib\site-packages\django\template\base.py", line 175, in render
    return self._render(context)
  File "C:\Users\DAII IATITUDE\AppData\Local\Programs\Python\Python39\lib\site-packages\django\template\base.py", line 167, in _render
    return self.nodelist.render(context)
  File "C:\Users\DAII IATITUDE\AppData\Local\Programs\Python\Python39\lib\site-packages\django\template\base.py", line 1005, in render
    return SafeString("".join([node.render_annotated(context) for node in self]))
  File "C:\Users\DAII IATITUDE\AppData\Local\Programs\Python\Python39\lib\site-packages\django\template\base.py", line 1005, in <listcomp>
    return SafeString("".join([node.render_annotated(context) for node in self]))
  File "C:\Users\DAII IATITUDE\AppData\Local\Programs\Python\Python39\lib\site-packages\django\template\base.py", line 966, in render_annotated
    return self.render(context)
  File "C:\Users\DAII IATITUDE\AppData\Local\Programs\Python\Python39\lib\site-packages\django\template\loader_tags.py", line 157, in render
    return compiled_parent._render(context)
  File "C:\Users\DAII IATITUDE\AppData\Local\Programs\Python\Python39\lib\site-packages\django\template\base.py", line 167, in _render
    return self.nodelist.render(context)
  File "C:\Users\DAII IATITUDE\AppData\Local\Programs\Python\Python39\lib\site-packages\django\template\base.py", line 1005, in render
    return SafeString("".join([node.render_annotated(context) for node in self]))
  File "C:\Users\DAII IATITUDE\AppData\Local\Programs\Python\Python39\lib\site-packages\django\template\base.py", line 1005, in <listcomp>
    return SafeString("".join([node.render_annotated(context) for node in self]))
  File "C:\Users\DAII IATITUDE\AppData\Local\Programs\Python\Python39\lib\site-packages\django\template\base.py", line 966, in render_annotated
    return self.render(context)
  File "C:\Users\DAII IATITUDE\AppData\Local\Programs\Python\Python39\lib\site-packages\django\template\loader_tags.py", line 63, in render
    result = block.nodelist.render(context)
  File "C:\Users\DAII IATITUDE\AppData\Local\Programs\Python\Python39\lib\site-packages\django\template\base.py", line 1005, in render
    return SafeString("".join([node.render_annotated(context) for node in self]))
  File "C:\Users\DAII IATITUDE\AppData\Local\Programs\Python\Python39\lib\site-packages\django\template\base.py", line 1005, in <listcomp>
    return SafeString("".join([node.render_annotated(context) for node in self]))
  File "C:\Users\DAII IATITUDE\AppData\Local\Programs\Python\Python39\lib\site-packages\django\template\base.py", line 966, in render_annotated
    return self.render(context)
  File "C:\Users\DAII IATITUDE\AppData\Local\Programs\Python\Python39\lib\site-packages\django\template\defaulttags.py", line 471, in render
    url = reverse(view_name, args=args, kwargs=kwargs, current_app=current_app)
  File "C:\Users\DAII IATITUDE\AppData\Local\Programs\Python\Python39\lib\site-packages\django\urls\base.py", line 88, in reverse
    return resolver._reverse_with_prefix(view, prefix, *args, **kwargs)
  File "C:\Users\DAII IATITUDE\AppData\Local\Programs\Python\Python39\lib\site-packages\django\urls\resolvers.py", line 828, in _reverse_with_prefix
    raise NoReverseMatch(msg)
django.urls.exceptions.NoReverseMatch: Reverse for 'modifier' with arguments '('',)' not found. 1 pattern(s) tried: ['Adherent/(?P<id>[0-9]+)/modifier/\\Z']
2025-03-16 21:29:13,905 - ERROR - basehttp - "GET /Tuteur/1/ HTTP/1.1" 500 167195
